Archive member included to satisfy reference by file (symbol)

./mbed/a7c7b631e539/TARGET_LPC11U68/TOOLCHAIN_GCC_ARM/libmbed.a(mbed_gpio.o)
                              ./mbed/a7c7b631e539/TARGET_LPC11U68/TOOLCHAIN_GCC_ARM/mbed_board.o (gpio_init_out)
./mbed/a7c7b631e539/TARGET_LPC11U68/TOOLCHAIN_GCC_ARM/libmbed.a(mbed_us_ticker_api.o)
                              ./mbed/a7c7b631e539/TARGET_LPC11U68/TOOLCHAIN_GCC_ARM/mbed_retarget.o (get_us_ticker_data)
./mbed/a7c7b631e539/TARGET_LPC11U68/TOOLCHAIN_GCC_ARM/libmbed.a(mbed_pinmap_common.o)
                              ./mbed/a7c7b631e539/TARGET_LPC11U68/TOOLCHAIN_GCC_ARM/analogin_api.o (pinmap_pinout)
./mbed/a7c7b631e539/TARGET_LPC11U68/TOOLCHAIN_GCC_ARM/libmbed.a(mbed_assert.o)
                              ./mbed/a7c7b631e539/TARGET_LPC11U68/TOOLCHAIN_GCC_ARM/analogin_api.o (mbed_assert_internal)
./mbed/a7c7b631e539/TARGET_LPC11U68/TOOLCHAIN_GCC_ARM/libmbed.a(mbed_ticker_api.o)
                              ./mbed/a7c7b631e539/TARGET_LPC11U68/TOOLCHAIN_GCC_ARM/libmbed.a(mbed_us_ticker_api.o) (ticker_irq_handler)
./mbed/a7c7b631e539/TARGET_LPC11U68/TOOLCHAIN_GCC_ARM/libmbed.a(FilePath.o)
                              ./mbed/a7c7b631e539/TARGET_LPC11U68/TOOLCHAIN_GCC_ARM/mbed_retarget.o (mbed::FilePath::FilePath(char const*))
./mbed/a7c7b631e539/TARGET_LPC11U68/TOOLCHAIN_GCC_ARM/libmbed.a(mbed_critical.o)
                              ./mbed/a7c7b631e539/TARGET_LPC11U68/TOOLCHAIN_GCC_ARM/mbed_board.o (core_util_critical_section_enter)
./mbed/a7c7b631e539/TARGET_LPC11U68/TOOLCHAIN_GCC_ARM/libmbed.a(mbed_error.o)
                              ./mbed/a7c7b631e539/TARGET_LPC11U68/TOOLCHAIN_GCC_ARM/pwmout_api.o (error)
./mbed/a7c7b631e539/TARGET_LPC11U68/TOOLCHAIN_GCC_ARM/libmbed.a(mbed_wait_api_no_rtos.o)
                              ./mbed/a7c7b631e539/TARGET_LPC11U68/TOOLCHAIN_GCC_ARM/mbed_board.o (wait_ms)
./mbed/a7c7b631e539/TARGET_LPC11U68/TOOLCHAIN_GCC_ARM/libmbed.a(FileBase.o)
                              ./mbed/a7c7b631e539/TARGET_LPC11U68/TOOLCHAIN_GCC_ARM/libmbed.a(FilePath.o) (mbed::FileBase::getPathType())
./mbed/a7c7b631e539/TARGET_LPC11U68/TOOLCHAIN_GCC_ARM/libmbed.a(mbed_poll.o)
                              ./mbed/a7c7b631e539/TARGET_LPC11U68/TOOLCHAIN_GCC_ARM/mbed_retarget.o (mbed::poll(mbed::pollfh*, unsigned int, int))
./mbed/a7c7b631e539/TARGET_LPC11U68/TOOLCHAIN_GCC_ARM/libmbed.a(mbed_critical_section_api.o)
                              ./mbed/a7c7b631e539/TARGET_LPC11U68/TOOLCHAIN_GCC_ARM/libmbed.a(mbed_critical.o) (hal_critical_section_enter)
./mbed/a7c7b631e539/TARGET_LPC11U68/TOOLCHAIN_GCC_ARM/libmbed.a(Timer.o)
                              ./mbed/a7c7b631e539/TARGET_LPC11U68/TOOLCHAIN_GCC_ARM/libmbed.a(mbed_poll.o) (mbed::Timer::~Timer())
./mbed/a7c7b631e539/TARGET_LPC11U68/TOOLCHAIN_GCC_ARM/libmbed.a(mbed_sleep_manager.o)
                              ./mbed/a7c7b631e539/TARGET_LPC11U68/TOOLCHAIN_GCC_ARM/libmbed.a(Timer.o) (sleep_manager_lock_deep_sleep_internal)
./mbed/a7c7b631e539/TARGET_LPC11U68/TOOLCHAIN_GCC_ARM/libmbed.a(mbed_error_hist.o)
                              ./mbed/a7c7b631e539/TARGET_LPC11U68/TOOLCHAIN_GCC_ARM/libmbed.a(mbed_error.o) (mbed_error_hist_put)
/Applications/MBEDCLI.app/Contents/Resources/gcc/gcc-arm-none-eabi-6-2017-q2-update/bin/../lib/gcc/arm-none-eabi/6.3.1/../../../../arm-none-eabi/lib/thumb/v6-m/libm.a(lib_a-s_floor.o)
                              ./mbed/a7c7b631e539/TARGET_LPC11U68/TOOLCHAIN_GCC_ARM/spi_api.o (floor)
/Applications/MBEDCLI.app/Contents/Resources/gcc/gcc-arm-none-eabi-6-2017-q2-update/bin/../lib/gcc/arm-none-eabi/6.3.1/../../../../arm-none-eabi/lib/thumb/v6-m/libc_nano.a(lib_a-abs.o)
                              ./mbed/a7c7b631e539/TARGET_LPC11U68/TOOLCHAIN_GCC_ARM/serial_api.o (abs)
/Applications/MBEDCLI.app/Contents/Resources/gcc/gcc-arm-none-eabi-6-2017-q2-update/bin/../lib/gcc/arm-none-eabi/6.3.1/../../../../arm-none-eabi/lib/thumb/v6-m/libc_nano.a(lib_a-errno.o)
                              ./mbed/a7c7b631e539/TARGET_LPC11U68/TOOLCHAIN_GCC_ARM/mbed_retarget.o (__errno)
/Applications/MBEDCLI.app/Contents/Resources/gcc/gcc-arm-none-eabi-6-2017-q2-update/bin/../lib/gcc/arm-none-eabi/6.3.1/../../../../arm-none-eabi/lib/thumb/v6-m/libc_nano.a(lib_a-fclose.o)
                              ./mbed/a7c7b631e539/TARGET_LPC11U68/TOOLCHAIN_GCC_ARM/libmbed.a(mbed_error.o) (fclose)
/Applications/MBEDCLI.app/Contents/Resources/gcc/gcc-arm-none-eabi-6-2017-q2-update/bin/../lib/gcc/arm-none-eabi/6.3.1/../../../../arm-none-eabi/lib/thumb/v6-m/libc_nano.a(lib_a-fflush.o)
                              /Applications/MBEDCLI.app/Contents/Resources/gcc/gcc-arm-none-eabi-6-2017-q2-update/bin/../lib/gcc/arm-none-eabi/6.3.1/../../../../arm-none-eabi/lib/thumb/v6-m/libc_nano.a(lib_a-fclose.o) (__sflush_r)
/Applications/MBEDCLI.app/Contents/Resources/gcc/gcc-arm-none-eabi-6-2017-q2-update/bin/../lib/gcc/arm-none-eabi/6.3.1/../../../../arm-none-eabi/lib/thumb/v6-m/libc_nano.a(lib_a-fgetc.o)
[...]
Memory Configuration

Name             Origin             Length             Attributes
MFlash256        0x0000000000000000 0x0000000000040000 xr
Ram0_32          0x0000000010000100 0x0000000000007f00 xrw
Ram1_2           0x0000000020000000 0x0000000000000800 xrw
Ram2USB_2        0x0000000020004000 0x0000000000000800 xrw
*default*        0x0000000000000000 0xffffffffffffffff

Linker script and memory map

LOAD /Applications/MBEDCLI.app/Contents/Resources/gcc/gcc-arm-none-eabi-6-2017-q2-update/bin/../lib/gcc/arm-none-eabi/6.3.1/thumb/v6-m/crti.o
LOAD /Applications/MBEDCLI.app/Contents/Resources/gcc/gcc-arm-none-eabi-6-2017-q2-update/bin/../lib/gcc/arm-none-eabi/6.3.1/thumb/v6-m/crtbegin.o
LOAD /Applications/MBEDCLI.app/Contents/Resources/gcc/gcc-arm-none-eabi-6-2017-q2-update/bin/../lib/gcc/arm-none-eabi/6.3.1/../../../../arm-none-eabi/lib/thumb/v6-m/crt0.o
LOAD ./BUILD/LPC11U68/GCC_ARM/./main.o
LOAD ./mbed/a7c7b631e539/TARGET_LPC11U68/TOOLCHAIN_GCC_ARM/analogin_api.o
LOAD ./mbed/a7c7b631e539/TARGET_LPC11U68/TOOLCHAIN_GCC_ARM/gpio_api.o
LOAD ./mbed/a7c7b631e539/TARGET_LPC11U68/TOOLCHAIN_GCC_ARM/gpio_irq_api.o
LOAD ./mbed/a7c7b631e539/TARGET_LPC11U68/TOOLCHAIN_GCC_ARM/i2c_api.o
LOAD ./mbed/a7c7b631e539/TARGET_LPC11U68/TOOLCHAIN_GCC_ARM/mbed_board.o
LOAD ./mbed/a7c7b631e539/TARGET_LPC11U68/TOOLCHAIN_GCC_ARM/mbed_retarget.o
LOAD ./mbed/a7c7b631e539/TARGET_LPC11U68/TOOLCHAIN_GCC_ARM/mbed_sdk_boot.o
LOAD ./mbed/a7c7b631e539/TARGET_LPC11U68/TOOLCHAIN_GCC_ARM/mbed_tz_context.o
LOAD ./mbed/a7c7b631e539/TARGET_LPC11U68/TOOLCHAIN_GCC_ARM/pinmap.o
LOAD ./mbed/a7c7b631e539/TARGET_LPC11U68/TOOLCHAIN_GCC_ARM/pwmout_api.o
LOAD ./mbed/a7c7b631e539/TARGET_LPC11U68/TOOLCHAIN_GCC_ARM/rtc_api.o
LOAD ./mbed/a7c7b631e539/TARGET_LPC11U68/TOOLCHAIN_GCC_ARM/serial_api.o
LOAD ./mbed/a7c7b631e539/TARGET_LPC11U68/TOOLCHAIN_GCC_ARM/sleep.o
LOAD ./mbed/a7c7b631e539/TARGET_LPC11U68/TOOLCHAIN_GCC_ARM/spi_api.o
LOAD ./mbed/a7c7b631e539/TARGET_LPC11U68/TOOLCHAIN_GCC_ARM/startup_LPC11U68.o
LOAD ./mbed/a7c7b631e539/TARGET_LPC11U68/TOOLCHAIN_GCC_ARM/system_LPC11U6x.o
LOAD ./mbed/a7c7b631e539/TARGET_LPC11U68/TOOLCHAIN_GCC_ARM/us_ticker.o
START GROUP
LOAD ./mbed/a7c7b631e539/TARGET_LPC11U68/TOOLCHAIN_GCC_ARM/libmbed.a
LOAD /Applications/MBEDCLI.app/Contents/Resources/gcc/gcc-arm-none-eabi-6-2017-q2-update/bin/../lib/gcc/arm-none-eabi/6.3.1/../../../../arm-none-eabi/lib/thumb/v6-m/libstdc++_nano.a
LOAD /Applications/MBEDCLI.app/Contents/Resources/gcc/gcc-arm-none-eabi-6-2017-q2-update/bin/../lib/gcc/arm-none-eabi/6.3.1/../../../../arm-none-eabi/lib/thumb/v6-m/libsupc++_nano.a
LOAD /Applications/MBEDCLI.app/Contents/Resources/gcc/gcc-arm-none-eabi-6-2017-q2-update/bin/../lib/gcc/arm-none-eabi/6.3.1/../../../../arm-none-eabi/lib/thumb/v6-m/libm.a
LOAD /Applications/MBEDCLI.app/Contents/Resources/gcc/gcc-arm-none-eabi-6-2017-q2-update/bin/../lib/gcc/arm-none-eabi/6.3.1/../../../../arm-none-eabi/lib/thumb/v6-m/libc_nano.a
LOAD /Applications/MBEDCLI.app/Contents/Resources/gcc/gcc-arm-none-eabi-6-2017-q2-update/bin/../lib/gcc/arm-none-eabi/6.3.1/thumb/v6-m/libgcc.a
LOAD /Applications/MBEDCLI.app/Contents/Resources/gcc/gcc-arm-none-eabi-6-2017-q2-update/bin/../lib/gcc/arm-none-eabi/6.3.1/../../../../arm-none-eabi/lib/thumb/v6-m/libnosys.a
END GROUP
LOAD ./mbed/a7c7b631e539/TARGET_LPC11U68/TOOLCHAIN_GCC_ARM/libmbed.a
LOAD /Applications/MBEDCLI.app/Contents/Resources/gcc/gcc-arm-none-eabi-6-2017-q2-update/bin/../lib/gcc/arm-none-eabi/6.3.1/../../../../arm-none-eabi/lib/thumb/v6-m/libstdc++_nano.a
LOAD /Applications/MBEDCLI.app/Contents/Resources/gcc/gcc-arm-none-eabi-6-2017-q2-update/bin/../lib/gcc/arm-none-eabi/6.3.1/../../../../arm-none-eabi/lib/thumb/v6-m/libsupc++_nano.a
LOAD /Applications/MBEDCLI.app/Contents/Resources/gcc/gcc-arm-none-eabi-6-2017-q2-update/bin/../lib/gcc/arm-none-eabi/6.3.1/../../../../arm-none-eabi/lib/thumb/v6-m/libm.a
LOAD /Applications/MBEDCLI.app/Contents/Resources/gcc/gcc-arm-none-eabi-6-2017-q2-update/bin/../lib/gcc/arm-none-eabi/6.3.1/../../../../arm-none-eabi/lib/thumb/v6-m/libc_nano.a
LOAD /Applications/MBEDCLI.app/Contents/Resources/gcc/gcc-arm-none-eabi-6-2017-q2-update/bin/../lib/gcc/arm-none-eabi/6.3.1/thumb/v6-m/libgcc.a
LOAD /Applications/MBEDCLI.app/Contents/Resources/gcc/gcc-arm-none-eabi-6-2017-q2-update/bin/../lib/gcc/arm-none-eabi/6.3.1/../../../../arm-none-eabi/lib/thumb/v6-m/libnosys.a
START GROUP
LOAD /Applications/MBEDCLI.app/Contents/Resources/gcc/gcc-arm-none-eabi-6-2017-q2-update/bin/../lib/gcc/arm-none-eabi/6.3.1/thumb/v6-m/libgcc.a
LOAD /Applications/MBEDCLI.app/Contents/Resources/gcc/gcc-arm-none-eabi-6-2017-q2-update/bin/../lib/gcc/arm-none-eabi/6.3.1/../../../../arm-none-eabi/lib/thumb/v6-m/libc_nano.a
END GROUP
START GROUP
LOAD /Applications/MBEDCLI.app/Contents/Resources/gcc/gcc-arm-none-eabi-6-2017-q2-update/bin/../lib/gcc/arm-none-eabi/6.3.1/thumb/v6-m/libgcc.a
LOAD /Applications/MBEDCLI.app/Contents/Resources/gcc/gcc-arm-none-eabi-6-2017-q2-update/bin/../lib/gcc/arm-none-eabi/6.3.1/../../../../arm-none-eabi/lib/thumb/v6-m/libc_nano.a
END GROUP
LOAD /Applications/MBEDCLI.app/Contents/Resources/gcc/gcc-arm-none-eabi-6-2017-q2-update/bin/../lib/gcc/arm-none-eabi/6.3.1/thumb/v6-m/crtend.o
LOAD /Applications/MBEDCLI.app/Contents/Resources/gcc/gcc-arm-none-eabi-6-2017-q2-update/bin/../lib/gcc/arm-none-eabi/6.3.1/thumb/v6-m/crtn.o
                0x0000000000040000                __top_MFlash256 = 0x40000
                0x0000000010008000                __top_Ram0_32 = 0x10008000
                0x0000000020000800                __top_Ram1_2 = 0x20000800
                0x0000000020004800                __top_Ram2USB_2 = 0x20004800

.text           0x0000000000000000      0x3b4
 FILL mask 0xff
                0x0000000000000000                __vectors_start__ = ABSOLUTE (.)
 *(.isr_vector)
 .isr_vector    0x0000000000000000       0xc0 ./mbed/a7c7b631e539/TARGET_LPC11U68/TOOLCHAIN_GCC_ARM/startup_LPC11U68.o
                0x0000000000000000                g_pfnVectors
                0x00000000000000c0                . = ALIGN (0x4)
                0x00000000000000c0                __section_table_start = .
                0x00000000000000c0                __data_section_table = .
                0x00000000000000c0        0x4 LONG 0x3b4 LOADADDR (.data)
                0x00000000000000c4        0x4 LONG 0x10000100 ADDR (.data)
                0x00000000000000c8        0x4 LONG 0x0 SIZEOF (.data)
                0x00000000000000cc        0x4 LONG 0x3b4 LOADADDR (.data_RAM2)
                0x00000000000000d0        0x4 LONG 0x20000000 ADDR (.data_RAM2)
                0x00000000000000d4        0x4 LONG 0x0 SIZEOF (.data_RAM2)
                0x00000000000000d8        0x4 LONG 0x3b4 LOADADDR (.data_RAM3)
                0x00000000000000dc        0x4 LONG 0x20004000 ADDR (.data_RAM3)
                0x00000000000000e0        0x4 LONG 0x0 SIZEOF (.data_RAM3)
                0x00000000000000e4                __data_section_table_end = .
                0x00000000000000e4                __bss_section_table = .
                0x00000000000000e4        0x4 LONG 0x10000100 ADDR (.bss)
                0x00000000000000e8        0x4 LONG 0x1c SIZEOF (.bss)
                0x00000000000000ec        0x4 LONG 0x20000000 ADDR (.bss_RAM2)
                0x00000000000000f0        0x4 LONG 0x0 SIZEOF (.bss_RAM2)
                0x00000000000000f4        0x4 LONG 0x20004000 ADDR (.bss_RAM3)
                0x00000000000000f8        0x4 LONG 0x0 SIZEOF (.bss_RAM3)
                0x00000000000000fc                __bss_section_table_end = .
                0x00000000000000fc                __section_table_end = .
 *(.after_vectors*)
 .after_vectors
                0x00000000000000fc       0x54 ./mbed/a7c7b631e539/TARGET_LPC11U68/TOOLCHAIN_GCC_ARM/startup_LPC11U68.o
                0x00000000000000fc                ResetISR
 *(.text*)
 .text          0x0000000000000150       0x60 /Applications/MBEDCLI.app/Contents/Resources/gcc/gcc-arm-none-eabi-6-2017-q2-update/bin/../lib/gcc/arm-none-eabi/6.3.1/thumb/v6-m/crtbegin.o
 .text.startup.main
                0x00000000000001b0        0x4 ./BUILD/LPC11U68/GCC_ARM/./main.o
                0x00000000000001b0                main
 .text.mbed_main
                0x00000000000001b4        0x2 ./mbed/a7c7b631e539/TARGET_LPC11U68/TOOLCHAIN_GCC_ARM/mbed_sdk_boot.o
                0x00000000000001b4                mbed_main
 .text.mbed_sdk_init
                0x00000000000001b6        0x2 ./mbed/a7c7b631e539/TARGET_LPC11U68/TOOLCHAIN_GCC_ARM/mbed_sdk_boot.o
                0x00000000000001b6                mbed_sdk_init
 .text.software_init_hook_rtos
                0x00000000000001b8        0x2 ./mbed/a7c7b631e539/TARGET_LPC11U68/TOOLCHAIN_GCC_ARM/mbed_sdk_boot.o
                0x00000000000001b8                software_init_hook_rtos
 *fill*         0x00000000000001ba        0x2 ff
 .text.mbed_copy_nvic
                0x00000000000001bc       0x24 ./mbed/a7c7b631e539/TARGET_LPC11U68/TOOLCHAIN_GCC_ARM/mbed_sdk_boot.o
                0x00000000000001bc                mbed_copy_nvic
 .text.software_init_hook
                0x00000000000001e0       0x10 ./mbed/a7c7b631e539/TARGET_LPC11U68/TOOLCHAIN_GCC_ARM/mbed_sdk_boot.o
                0x00000000000001e0                software_init_hook
 .text.__wrap_main
                0x00000000000001f0        0xc ./mbed/a7c7b631e539/TARGET_LPC11U68/TOOLCHAIN_GCC_ARM/mbed_sdk_boot.o
                0x00000000000001f0                __wrap_main
 .text.IntDefaultHandler
                0x00000000000001fc        0x2 ./mbed/a7c7b631e539/TARGET_LPC11U68/TOOLCHAIN_GCC_ARM/startup_LPC11U68.o
                0x00000000000001fc                ADCA_IRQHandler
                0x00000000000001fc                I2C0_IRQHandler
                0x00000000000001fc                I2C1_IRQHandler
                0x00000000000001fc                TIMER32_0_IRQHandler
                0x00000000000001fc                ADCB_IRQHandler
                0x00000000000001fc                SCT0_1_IRQHandler
                0x00000000000001fc                TIMER32_1_IRQHandler
                0x00000000000001fc                PIN_INT6_IRQHandler
                0x00000000000001fc                IntDefaultHandler
                0x00000000000001fc                PIN_INT4_IRQHandler
                0x00000000000001fc                SSP0_IRQHandler
                0x00000000000001fc                RTC_IRQHandler
                0x00000000000001fc                USBWakeup_IRQHandler
                0x00000000000001fc                USART0_IRQHandler
                0x00000000000001fc                PIN_INT5_IRQHandler
                0x00000000000001fc                PIN_INT2_IRQHandler
                0x00000000000001fc                TIMER16_1_IRQHandler
                0x00000000000001fc                USB_FIQHandler
                0x00000000000001fc                USART1_4_IRQHandler
                0x00000000000001fc                SSP1_IRQHandler
                0x00000000000001fc                PIN_INT7_IRQHandler
                0x00000000000001fc                BOD_WDT_IRQHandler
                0x00000000000001fc                PIN_INT1_IRQHandler
                0x00000000000001fc                USB_IRQHandler
                0x00000000000001fc                USART2_3_IRQHandler
                0x00000000000001fc                PIN_INT0_IRQHandler
                0x00000000000001fc                GINT0_IRQHandler
                0x00000000000001fc                DMA_IRQHandler
                0x00000000000001fc                PIN_INT3_IRQHandler
                0x00000000000001fc                FMC_IRQHandler
                0x00000000000001fc                GINT1_IRQHandler
                0x00000000000001fc                TIMER16_0_IRQHandler
 .text.SysTick_Handler
                0x00000000000001fe        0x2 ./mbed/a7c7b631e539/TARGET_LPC11U68/TOOLCHAIN_GCC_ARM/startup_LPC11U68.o
                0x00000000000001fe                SysTick_Handler
 .text.NMI_Handler
                0x0000000000000200        0x2 ./mbed/a7c7b631e539/TARGET_LPC11U68/TOOLCHAIN_GCC_ARM/startup_LPC11U68.o
                0x0000000000000200                NMI_Handler
 .text.HardFault_Handler
                0x0000000000000202        0x2 ./mbed/a7c7b631e539/TARGET_LPC11U68/TOOLCHAIN_GCC_ARM/startup_LPC11U68.o
                0x0000000000000202                HardFault_Handler
 .text.SVC_Handler
                0x0000000000000204        0x2 ./mbed/a7c7b631e539/TARGET_LPC11U68/TOOLCHAIN_GCC_ARM/startup_LPC11U68.o
                0x0000000000000204                SVC_Handler
 .text.PendSV_Handler
                0x0000000000000206        0x2 ./mbed/a7c7b631e539/TARGET_LPC11U68/TOOLCHAIN_GCC_ARM/startup_LPC11U68.o
                0x0000000000000206                PendSV_Handler
 .text.data_init
                0x0000000000000208       0x12 ./mbed/a7c7b631e539/TARGET_LPC11U68/TOOLCHAIN_GCC_ARM/startup_LPC11U68.o
                0x0000000000000208                data_init
 .text.bss_init
                0x000000000000021a       0x10 ./mbed/a7c7b631e539/TARGET_LPC11U68/TOOLCHAIN_GCC_ARM/startup_LPC11U68.o
                0x000000000000021a                bss_init
 *fill*         0x000000000000022a        0x2 ff
 .text.SystemInit
                0x000000000000022c      0x124 ./mbed/a7c7b631e539/TARGET_LPC11U68/TOOLCHAIN_GCC_ARM/system_LPC11U6x.o
                0x000000000000022c                SystemInit
 .text.__libc_init_array
                0x0000000000000350       0x48 /Applications/MBEDCLI.app/Contents/Resources/gcc/gcc-arm-none-eabi-6-2017-q2-update/bin/../lib/gcc/arm-none-eabi/6.3.1/../../../../arm-none-eabi/lib/thumb/v6-m/libc_nano.a(lib_a-init.o)
                0x0000000000000350                __libc_init_array
 *(.rodata .rodata.*)
                0x0000000000000398                . = ALIGN (0x4)
                0x0000000000000398                . = ALIGN (0x4)
 *(.init)
 .init          0x0000000000000398        0x4 /Applications/MBEDCLI.app/Contents/Resources/gcc/gcc-arm-none-eabi-6-2017-q2-update/bin/../lib/gcc/arm-none-eabi/6.3.1/thumb/v6-m/crti.o
                0x0000000000000398                _init
 .init          0x000000000000039c        0x8 /Applications/MBEDCLI.app/Contents/Resources/gcc/gcc-arm-none-eabi-6-2017-q2-update/bin/../lib/gcc/arm-none-eabi/6.3.1/thumb/v6-m/crtn.o
                0x00000000000003a4                . = ALIGN (0x4)
                0x00000000000003a4                __preinit_array_start = .
 *(.preinit_array)
                0x00000000000003a4                __preinit_array_end = .
                0x00000000000003a4                . = ALIGN (0x4)
                0x00000000000003a4                __init_array_start = .
 *(SORT(.init_array.*))
 *(.init_array)
 .init_array    0x00000000000003a4        0x4 /Applications/MBEDCLI.app/Contents/Resources/gcc/gcc-arm-none-eabi-6-2017-q2-update/bin/../lib/gcc/arm-none-eabi/6.3.1/thumb/v6-m/crtbegin.o
                0x00000000000003a8                __init_array_end = .
 *(.fini)
 .fini          0x00000000000003a8        0x4 /Applications/MBEDCLI.app/Contents/Resources/gcc/gcc-arm-none-eabi-6-2017-q2-update/bin/../lib/gcc/arm-none-eabi/6.3.1/thumb/v6-m/crti.o
                0x00000000000003a8                _fini
 .fini          0x00000000000003ac        0x8 /Applications/MBEDCLI.app/Contents/Resources/gcc/gcc-arm-none-eabi-6-2017-q2-update/bin/../lib/gcc/arm-none-eabi/6.3.1/thumb/v6-m/crtn.o
                0x00000000000003b4                . = ALIGN (0x4)
 *crtbegin.o(.ctors)
 *(EXCLUDE_FILE(*crtend.o) .ctors)
 *(SORT(.ctors.*))
 *crtend.o(.ctors)
                0x00000000000003b4                . = ALIGN (0x4)
 *crtbegin.o(.dtors)
 *(EXCLUDE_FILE(*crtend.o) .dtors)
 *(SORT(.dtors.*))
 *crtend.o(.dtors)

.glue_7         0x00000000000003b4        0x0
 .glue_7        0x00000000000003b4        0x0 linker stubs

.glue_7t        0x00000000000003b4        0x0
 .glue_7t       0x00000000000003b4        0x0 linker stubs

.vfp11_veneer   0x00000000000003b4        0x0
 .vfp11_veneer  0x00000000000003b4        0x0 linker stubs

.v4_bx          0x00000000000003b4        0x0
 .v4_bx         0x00000000000003b4        0x0 linker stubs

.iplt           0x00000000000003b4        0x0
 .iplt          0x00000000000003b4        0x0 /Applications/MBEDCLI.app/Contents/Resources/gcc/gcc-arm-none-eabi-6-2017-q2-update/bin/../lib/gcc/arm-none-eabi/6.3.1/thumb/v6-m/crtbegin.o

.eh_frame       0x00000000000003b4        0x0
 .eh_frame      0x00000000000003b4        0x0 /Applications/MBEDCLI.app/Contents/Resources/gcc/gcc-arm-none-eabi-6-2017-q2-update/bin/../lib/gcc/arm-none-eabi/6.3.1/thumb/v6-m/crtbegin.o

.rel.dyn        0x00000000000003b4        0x0
 .rel.iplt      0x00000000000003b4        0x0 /Applications/MBEDCLI.app/Contents/Resources/gcc/gcc-arm-none-eabi-6-2017-q2-update/bin/../lib/gcc/arm-none-eabi/6.3.1/thumb/v6-m/crtbegin.o

.ARM.extab
 *(.ARM.extab* .gnu.linkonce.armextab.*)
                0x00000000000003b4                __exidx_start = .

.ARM.exidx
 *(.ARM.exidx* .gnu.linkonce.armexidx.*)
                0x00000000000003b4                __exidx_end = .
                0x00000000000003b4                _etext = .

.mtb_buffer_RAM2
 *(.mtb.$RAM2*)
 *(.mtb.$RAM1_2*)

.data_RAM2      0x0000000020000000        0x0 load address 0x00000000000003b4
 FILL mask 0xff
 *(.ramfunc.$RAM2)
 *(.ramfunc.$Ram1_2)
 *(.data.$RAM2*)
 *(.data.$Ram1_2*)
                0x0000000020000000                . = ALIGN (0x4)

.mtb_buffer_RAM3
 *(.mtb.$RAM3*)
 *(.mtb.$RAM2USB_2*)

.data_RAM3      0x0000000020004000        0x0 load address 0x00000000000003b4
 FILL mask 0xff
 *(.ramfunc.$RAM3)
 *(.ramfunc.$Ram2USB_2)
 *(.data.$RAM3*)
 *(.data.$Ram2USB_2*)
                0x0000000020004000                . = ALIGN (0x4)

.mtb_buffer_default
 *(.mtb*)

.uninit_RESERVED
                0x0000000010000100        0x0
 *(.bss.$RESERVED*)
                0x0000000010000100                . = ALIGN (0x4)
                0x0000000010000100                _end_uninit_RESERVED = .

.data           0x0000000010000100        0x0 load address 0x00000000000003b4
 FILL mask 0xff
                0x0000000010000100                _data = .
 *(vtable)
 *(.ramfunc*)
 *(.data*)
                0x0000000010000100                . = ALIGN (0x4)
                0x0000000010000100                _edata = .

.jcr            0x0000000010000100        0x0 load address 0x00000000000003b4
 .jcr           0x0000000010000100        0x0 /Applications/MBEDCLI.app/Contents/Resources/gcc/gcc-arm-none-eabi-6-2017-q2-update/bin/../lib/gcc/arm-none-eabi/6.3.1/thumb/v6-m/crtbegin.o

.igot.plt       0x0000000010000100        0x0 load address 0x00000000000003b4
 .igot.plt      0x0000000010000100        0x0 /Applications/MBEDCLI.app/Contents/Resources/gcc/gcc-arm-none-eabi-6-2017-q2-update/bin/../lib/gcc/arm-none-eabi/6.3.1/thumb/v6-m/crtbegin.o

.bss_RAM2       0x0000000020000000        0x0
 *(.bss.$RAM2*)
 *(.bss.$Ram1_2*)
                0x0000000020000000                . = ALIGN (0x4)

.bss_RAM3       0x0000000020004000        0x0
 *(.bss.$RAM3*)
 *(.bss.$Ram2USB_2*)
                0x0000000020004000                . = ALIGN (0x4)

.bss            0x0000000010000100       0x1c
                0x0000000010000100                _bss = .
 *(.bss*)
 .bss           0x0000000010000100       0x1c /Applications/MBEDCLI.app/Contents/Resources/gcc/gcc-arm-none-eabi-6-2017-q2-update/bin/../lib/gcc/arm-none-eabi/6.3.1/thumb/v6-m/crtbegin.o
 *(COMMON)
                0x000000001000011c                . = ALIGN (0x4)
                0x000000001000011c                _ebss = .
                [!provide]                        PROVIDE (end, .)
                0x000000001000011c                __end__ = .

.noinit_RAM2    0x0000000020000000        0x0
 *(.noinit.$RAM2*)
 *(.noinit.$Ram1_2*)
                0x0000000020000000                . = ALIGN (0x4)

.noinit_RAM3    0x0000000020004000        0x0
 *(.noinit.$RAM3*)
 *(.noinit.$Ram2USB_2*)
                0x0000000020004000                . = ALIGN (0x4)

.noinit         0x000000001000011c        0x0
                0x000000001000011c                _noinit = .
 *(.noinit*)
                0x000000001000011c                . = ALIGN (0x4)
                0x000000001000011c                _end_noinit = .
                [!provide]                        PROVIDE (_pvHeapStart, .)
                0x0000000010008000                PROVIDE (_vStackTop, (__top_Ram0_32 - 0x0))
OUTPUT(./BUILD/LPC11U68/GCC_ARM/VSG.elf elf32-littlearm)

.ARM.attributes
                0x0000000000000000       0x28
 .ARM.attributes
                0x0000000000000000       0x1e /Applications/MBEDCLI.app/Contents/Resources/gcc/gcc-arm-none-eabi-6-2017-q2-update/bin/../lib/gcc/arm-none-eabi/6.3.1/thumb/v6-m/crti.o
 .ARM.attributes
                0x000000000000001e       0x2c /Applications/MBEDCLI.app/Contents/Resources/gcc/gcc-arm-none-eabi-6-2017-q2-update/bin/../lib/gcc/arm-none-eabi/6.3.1/thumb/v6-m/crtbegin.o
 .ARM.attributes
                0x000000000000004a       0x32 ./BUILD/LPC11U68/GCC_ARM/./main.o
 .ARM.attributes
                0x000000000000007c       0x32 ./mbed/a7c7b631e539/TARGET_LPC11U68/TOOLCHAIN_GCC_ARM/mbed_sdk_boot.o
 .ARM.attributes
                0x00000000000000ae       0x32 ./mbed/a7c7b631e539/TARGET_LPC11U68/TOOLCHAIN_GCC_ARM/startup_LPC11U68.o
 .ARM.attributes
                0x00000000000000e0       0x32 ./mbed/a7c7b631e539/TARGET_LPC11U68/TOOLCHAIN_GCC_ARM/system_LPC11U6x.o
 .ARM.attributes
                0x0000000000000112       0x2c /Applications/MBEDCLI.app/Contents/Resources/gcc/gcc-arm-none-eabi-6-2017-q2-update/bin/../lib/gcc/arm-none-eabi/6.3.1/../../../../arm-none-eabi/lib/thumb/v6-m/libc_nano.a(lib_a-init.o)
 .ARM.attributes
                0x000000000000013e       0x1e /Applications/MBEDCLI.app/Contents/Resources/gcc/gcc-arm-none-eabi-6-2017-q2-update/bin/../lib/gcc/arm-none-eabi/6.3.1/thumb/v6-m/crtn.o

.comment        0x0000000000000000       0xfe
 .comment       0x0000000000000000       0x7f ./BUILD/LPC11U68/GCC_ARM/./main.o
                                         0x80 (size before relaxing)
 .comment       0x000000000000007f       0x7f ./mbed/a7c7b631e539/TARGET_LPC11U68/TOOLCHAIN_GCC_ARM/mbed_sdk_boot.o
                                         0x80 (size before relaxing)
 .comment       0x00000000000000fe       0x80 ./mbed/a7c7b631e539/TARGET_LPC11U68/TOOLCHAIN_GCC_ARM/startup_LPC11U68.o
 .comment       0x00000000000000fe       0x80 ./mbed/a7c7b631e539/TARGET_LPC11U68/TOOLCHAIN_GCC_ARM/system_LPC11U6x.o

.debug_info     0x0000000000000000      0x1dd
 .debug_info    0x0000000000000000       0x84 ./mbed/a7c7b631e539/TARGET_LPC11U68/TOOLCHAIN_GCC_ARM/mbed_sdk_boot.o
 .debug_info    0x0000000000000084       0xcc ./mbed/a7c7b631e539/TARGET_LPC11U68/TOOLCHAIN_GCC_ARM/startup_LPC11U68.o
 .debug_info    0x0000000000000150       0x8d ./mbed/a7c7b631e539/TARGET_LPC11U68/TOOLCHAIN_GCC_ARM/system_LPC11U6x.o

.debug_abbrev   0x0000000000000000      0x13f
 .debug_abbrev  0x0000000000000000       0x6a ./mbed/a7c7b631e539/TARGET_LPC11U68/TOOLCHAIN_GCC_ARM/mbed_sdk_boot.o
 .debug_abbrev  0x000000000000006a       0x6a ./mbed/a7c7b631e539/TARGET_LPC11U68/TOOLCHAIN_GCC_ARM/startup_LPC11U68.o
 .debug_abbrev  0x00000000000000d4       0x6b ./mbed/a7c7b631e539/TARGET_LPC11U68/TOOLCHAIN_GCC_ARM/system_LPC11U6x.o

.debug_aranges  0x0000000000000000       0xb0
 .debug_aranges
                0x0000000000000000       0x40 ./mbed/a7c7b631e539/TARGET_LPC11U68/TOOLCHAIN_GCC_ARM/mbed_sdk_boot.o
 .debug_aranges
                0x0000000000000040       0x48 ./mbed/a7c7b631e539/TARGET_LPC11U68/TOOLCHAIN_GCC_ARM/startup_LPC11U68.o
 .debug_aranges
                0x0000000000000088       0x28 ./mbed/a7c7b631e539/TARGET_LPC11U68/TOOLCHAIN_GCC_ARM/system_LPC11U6x.o

.debug_ranges   0x0000000000000000       0xa8
 .debug_ranges  0x0000000000000000       0x30 ./mbed/a7c7b631e539/TARGET_LPC11U68/TOOLCHAIN_GCC_ARM/mbed_sdk_boot.o
 .debug_ranges  0x0000000000000030       0x38 ./mbed/a7c7b631e539/TARGET_LPC11U68/TOOLCHAIN_GCC_ARM/startup_LPC11U68.o
 .debug_ranges  0x0000000000000068       0x40 ./mbed/a7c7b631e539/TARGET_LPC11U68/TOOLCHAIN_GCC_ARM/system_LPC11U6x.o

.debug_line     0x0000000000000000      0x399
 .debug_line    0x0000000000000000       0xe5 ./mbed/a7c7b631e539/TARGET_LPC11U68/TOOLCHAIN_GCC_ARM/mbed_sdk_boot.o
 .debug_line    0x00000000000000e5      0x14a ./mbed/a7c7b631e539/TARGET_LPC11U68/TOOLCHAIN_GCC_ARM/startup_LPC11U68.o
 .debug_line    0x000000000000022f      0x16a ./mbed/a7c7b631e539/TARGET_LPC11U68/TOOLCHAIN_GCC_ARM/system_LPC11U6x.o

.debug_str      0x0000000000000000      0x508
 .debug_str     0x0000000000000000      0x1c4 ./mbed/a7c7b631e539/TARGET_LPC11U68/TOOLCHAIN_GCC_ARM/mbed_sdk_boot.o
 .debug_str     0x00000000000001c4      0x289 ./mbed/a7c7b631e539/TARGET_LPC11U68/TOOLCHAIN_GCC_ARM/startup_LPC11U68.o
 .debug_str     0x000000000000044d       0xbb ./mbed/a7c7b631e539/TARGET_LPC11U68/TOOLCHAIN_GCC_ARM/system_LPC11U6x.o
                                        0x1cc (size before relaxing)

.debug_frame    0x0000000000000000      0x200
 .debug_frame   0x0000000000000000       0x8c ./mbed/a7c7b631e539/TARGET_LPC11U68/TOOLCHAIN_GCC_ARM/mbed_sdk_boot.o
 .debug_frame   0x000000000000008c      0x100 ./mbed/a7c7b631e539/TARGET_LPC11U68/TOOLCHAIN_GCC_ARM/startup_LPC11U68.o
 .debug_frame   0x000000000000018c       0x48 ./mbed/a7c7b631e539/TARGET_LPC11U68/TOOLCHAIN_GCC_ARM/system_LPC11U6x.o
 .debug_frame   0x00000000000001d4       0x2c /Applications/MBEDCLI.app/Contents/Resources/gcc/gcc-arm-none-eabi-6-2017-q2-update/bin/../lib/gcc/arm-none-eabi/6.3.1/../../../../arm-none-eabi/lib/thumb/v6-m/libc_nano.a(lib_a-init.o)
