Archive member included to satisfy reference by file (symbol)

./mbed/a7c7b631e539/TARGET_LPC1768/TOOLCHAIN_GCC_ARM/libmbed.a(mbed_gpio.o)
                              ./mbed/a7c7b631e539/TARGET_LPC1768/TOOLCHAIN_GCC_ARM/serial_api.o (gpio_init_in)
./mbed/a7c7b631e539/TARGET_LPC1768/TOOLCHAIN_GCC_ARM/libmbed.a(mbed_us_ticker_api.o)
                              ./mbed/a7c7b631e539/TARGET_LPC1768/TOOLCHAIN_GCC_ARM/mbed_retarget.o (get_us_ticker_data)
./mbed/a7c7b631e539/TARGET_LPC1768/TOOLCHAIN_GCC_ARM/libmbed.a(mbed_pinmap_common.o)
                              ./mbed/a7c7b631e539/TARGET_LPC1768/TOOLCHAIN_GCC_ARM/analogin_api.o (pinmap_pinout)
./mbed/a7c7b631e539/TARGET_LPC1768/TOOLCHAIN_GCC_ARM/libmbed.a(mbed_assert.o)
                              ./mbed/a7c7b631e539/TARGET_LPC1768/TOOLCHAIN_GCC_ARM/analogin_api.o (mbed_assert_internal)
./mbed/a7c7b631e539/TARGET_LPC1768/TOOLCHAIN_GCC_ARM/libmbed.a(mbed_critical.o)
                              ./mbed/a7c7b631e539/TARGET_LPC1768/TOOLCHAIN_GCC_ARM/flash_api.o (core_util_critical_section_enter)
./mbed/a7c7b631e539/TARGET_LPC1768/TOOLCHAIN_GCC_ARM/libmbed.a(FilePath.o)
                              ./mbed/a7c7b631e539/TARGET_LPC1768/TOOLCHAIN_GCC_ARM/mbed_retarget.o (mbed::FilePath::FilePath(char const*))
./mbed/a7c7b631e539/TARGET_LPC1768/TOOLCHAIN_GCC_ARM/libmbed.a(mbed_ticker_api.o)
                              ./mbed/a7c7b631e539/TARGET_LPC1768/TOOLCHAIN_GCC_ARM/libmbed.a(mbed_us_ticker_api.o) (ticker_irq_handler)
./mbed/a7c7b631e539/TARGET_LPC1768/TOOLCHAIN_GCC_ARM/libmbed.a(mbed_error.o)
                              ./mbed/a7c7b631e539/TARGET_LPC1768/TOOLCHAIN_GCC_ARM/ethernet_api.o (error)
./mbed/a7c7b631e539/TARGET_LPC1768/TOOLCHAIN_GCC_ARM/libmbed.a(FileBase.o)
                              ./mbed/a7c7b631e539/TARGET_LPC1768/TOOLCHAIN_GCC_ARM/libmbed.a(FilePath.o) (mbed::FileBase::getPathType())
./mbed/a7c7b631e539/TARGET_LPC1768/TOOLCHAIN_GCC_ARM/libmbed.a(mbed_mktime.o)
                              ./mbed/a7c7b631e539/TARGET_LPC1768/TOOLCHAIN_GCC_ARM/rtc_api.o (_rtc_maketime)
./mbed/a7c7b631e539/TARGET_LPC1768/TOOLCHAIN_GCC_ARM/libmbed.a(mbed_poll.o)
                              ./mbed/a7c7b631e539/TARGET_LPC1768/TOOLCHAIN_GCC_ARM/mbed_retarget.o (mbed::poll(mbed::pollfh*, unsigned int, int))
./mbed/a7c7b631e539/TARGET_LPC1768/TOOLCHAIN_GCC_ARM/libmbed.a(mbed_wait_api_no_rtos.o)
                              ./mbed/a7c7b631e539/TARGET_LPC1768/TOOLCHAIN_GCC_ARM/mbed_board.o (wait_ms)
./mbed/a7c7b631e539/TARGET_LPC1768/TOOLCHAIN_GCC_ARM/libmbed.a(mbed_interface.o)
                              ./mbed/a7c7b631e539/TARGET_LPC1768/TOOLCHAIN_GCC_ARM/mbed_retarget.o (mbed_interface_connected)
./mbed/a7c7b631e539/TARGET_LPC1768/TOOLCHAIN_GCC_ARM/libmbed.a(mbed_semihost_api.o)
                              ./mbed/a7c7b631e539/TARGET_LPC1768/TOOLCHAIN_GCC_ARM/mbed_retarget.o (semihost_exit)
./mbed/a7c7b631e539/TARGET_LPC1768/TOOLCHAIN_GCC_ARM/libmbed.a(mbed_critical_section_api.o)
                              ./mbed/a7c7b631e539/TARGET_LPC1768/TOOLCHAIN_GCC_ARM/libmbed.a(mbed_critical.o) (hal_critical_section_enter)
./mbed/a7c7b631e539/TARGET_LPC1768/TOOLCHAIN_GCC_ARM/libmbed.a(Timer.o)
                              ./mbed/a7c7b631e539/TARGET_LPC1768/TOOLCHAIN_GCC_ARM/libmbed.a(mbed_poll.o) (mbed::Timer::~Timer())
./mbed/a7c7b631e539/TARGET_LPC1768/TOOLCHAIN_GCC_ARM/libmbed.a(mbed_sleep_manager.o)
                              ./mbed/a7c7b631e539/TARGET_LPC1768/TOOLCHAIN_GCC_ARM/libmbed.a(Timer.o) (sleep_manager_lock_deep_sleep_internal)
./mbed/a7c7b631e539/TARGET_LPC1768/TOOLCHAIN_GCC_ARM/libmbed.a(mbed_error_hist.o)
                              ./mbed/a7c7b631e539/TARGET_LPC1768/TOOLCHAIN_GCC_ARM/libmbed.a(mbed_error.o) (mbed_error_hist_put)
/Applications/MBEDCLI.app/Contents/Resources/gcc/gcc-arm-none-eabi-6-2017-q2-update/bin/../lib/gcc/arm-none-eabi/6.3.1/../../../../arm-none-eabi/lib/thumb/v7-m/libm.a(lib_a-s_floor.o)
                              ./mbed/a7c7b631e539/TARGET_LPC1768/TOOLCHAIN_GCC_ARM/spi_api.o (floor)
/Applications/MBEDCLI.app/Contents/Resources/gcc/gcc-arm-none-eabi-6-2017-q2-update/bin/../lib/gcc/arm-none-eabi/6.3.1/../../../../arm-none-eabi/lib/thumb/v7-m/libc.a(lib_a-abs.o)
                              ./mbed/a7c7b631e539/TARGET_LPC1768/TOOLCHAIN_GCC_ARM/serial_api.o (abs)
/Applications/MBEDCLI.app/Contents/Resources/gcc/gcc-arm-none-eabi-6-2017-q2-update/bin/../lib/gcc/arm-none-eabi/6.3.1/../../../../arm-none-eabi/lib/thumb/v7-m/libc.a(lib_a-errno.o)
                              ./mbed/a7c7b631e539/TARGET_LPC1768/TOOLCHAIN_GCC_ARM/mbed_retarget.o (__errno)
/Applications/MBEDCLI.app/Contents/Resources/gcc/gcc-arm-none-eabi-6-2017-q2-update/bin/../lib/gcc/arm-none-eabi/6.3.1/../../../../arm-none-eabi/lib/thumb/v7-m/libc.a(lib_a-fclose.o)
                              ./mbed/a7c7b631e539/TARGET_LPC1768/TOOLCHAIN_GCC_ARM/libmbed.a(mbed_error.o) (fclose)
[...]
Memory Configuration

Name             Origin             Length             Attributes
FLASH            0x0000000000000000 0x0000000000080000 xr
RAM              0x00000000100000c8 0x0000000000007f18 xrw
USB_RAM          0x000000002007c000 0x0000000000004000 xrw
ETH_RAM          0x0000000020080000 0x0000000000004000 xrw
*default*        0x0000000000000000 0xffffffffffffffff

Linker script and memory map

LOAD /Applications/MBEDCLI.app/Contents/Resources/gcc/gcc-arm-none-eabi-6-2017-q2-update/bin/../lib/gcc/arm-none-eabi/6.3.1/thumb/v7-m/crti.o
LOAD /Applications/MBEDCLI.app/Contents/Resources/gcc/gcc-arm-none-eabi-6-2017-q2-update/bin/../lib/gcc/arm-none-eabi/6.3.1/thumb/v7-m/crtbegin.o
LOAD /Applications/MBEDCLI.app/Contents/Resources/gcc/gcc-arm-none-eabi-6-2017-q2-update/bin/../lib/gcc/arm-none-eabi/6.3.1/../../../../arm-none-eabi/lib/thumb/v7-m/crt0.o
LOAD ./BUILD/LPC1768/GCC_ARM/./main.o
LOAD ./BUILD/LPC1768/GCC_ARM/IQModulator/IQModulator.o
LOAD ./mbed/a7c7b631e539/TARGET_LPC1768/TOOLCHAIN_GCC_ARM/CRP.o
LOAD ./mbed/a7c7b631e539/TARGET_LPC1768/TOOLCHAIN_GCC_ARM/analogin_api.o
LOAD ./mbed/a7c7b631e539/TARGET_LPC1768/TOOLCHAIN_GCC_ARM/analogout_api.o
LOAD ./mbed/a7c7b631e539/TARGET_LPC1768/TOOLCHAIN_GCC_ARM/can_api.o
LOAD ./mbed/a7c7b631e539/TARGET_LPC1768/TOOLCHAIN_GCC_ARM/ethernet_api.o
LOAD ./mbed/a7c7b631e539/TARGET_LPC1768/TOOLCHAIN_GCC_ARM/flash_api.o
LOAD ./mbed/a7c7b631e539/TARGET_LPC1768/TOOLCHAIN_GCC_ARM/gpio_api.o
LOAD ./mbed/a7c7b631e539/TARGET_LPC1768/TOOLCHAIN_GCC_ARM/gpio_irq_api.o
LOAD ./mbed/a7c7b631e539/TARGET_LPC1768/TOOLCHAIN_GCC_ARM/i2c_api.o
LOAD ./mbed/a7c7b631e539/TARGET_LPC1768/TOOLCHAIN_GCC_ARM/mbed_board.o
LOAD ./mbed/a7c7b631e539/TARGET_LPC1768/TOOLCHAIN_GCC_ARM/mbed_retarget.o
LOAD ./mbed/a7c7b631e539/TARGET_LPC1768/TOOLCHAIN_GCC_ARM/mbed_sdk_boot.o
LOAD ./mbed/a7c7b631e539/TARGET_LPC1768/TOOLCHAIN_GCC_ARM/mbed_tz_context.o
LOAD ./mbed/a7c7b631e539/TARGET_LPC1768/TOOLCHAIN_GCC_ARM/pinmap.o
LOAD ./mbed/a7c7b631e539/TARGET_LPC1768/TOOLCHAIN_GCC_ARM/port_api.o
LOAD ./mbed/a7c7b631e539/TARGET_LPC1768/TOOLCHAIN_GCC_ARM/pwmout_api.o
LOAD ./mbed/a7c7b631e539/TARGET_LPC1768/TOOLCHAIN_GCC_ARM/rtc_api.o
LOAD ./mbed/a7c7b631e539/TARGET_LPC1768/TOOLCHAIN_GCC_ARM/serial_api.o
LOAD ./mbed/a7c7b631e539/TARGET_LPC1768/TOOLCHAIN_GCC_ARM/sleep.o
LOAD ./mbed/a7c7b631e539/TARGET_LPC1768/TOOLCHAIN_GCC_ARM/spi_api.o
LOAD ./mbed/a7c7b631e539/TARGET_LPC1768/TOOLCHAIN_GCC_ARM/startup_LPC17xx.o
LOAD ./mbed/a7c7b631e539/TARGET_LPC1768/TOOLCHAIN_GCC_ARM/system_LPC17xx.o
LOAD ./mbed/a7c7b631e539/TARGET_LPC1768/TOOLCHAIN_GCC_ARM/us_ticker.o
START GROUP
LOAD ./mbed/a7c7b631e539/TARGET_LPC1768/TOOLCHAIN_GCC_ARM/libmbed.a
LOAD /Applications/MBEDCLI.app/Contents/Resources/gcc/gcc-arm-none-eabi-6-2017-q2-update/bin/../lib/gcc/arm-none-eabi/6.3.1/../../../../arm-none-eabi/lib/thumb/v7-m/libstdc++.a
LOAD /Applications/MBEDCLI.app/Contents/Resources/gcc/gcc-arm-none-eabi-6-2017-q2-update/bin/../lib/gcc/arm-none-eabi/6.3.1/../../../../arm-none-eabi/lib/thumb/v7-m/libsupc++.a
LOAD /Applications/MBEDCLI.app/Contents/Resources/gcc/gcc-arm-none-eabi-6-2017-q2-update/bin/../lib/gcc/arm-none-eabi/6.3.1/../../../../arm-none-eabi/lib/thumb/v7-m/libm.a
LOAD /Applications/MBEDCLI.app/Contents/Resources/gcc/gcc-arm-none-eabi-6-2017-q2-update/bin/../lib/gcc/arm-none-eabi/6.3.1/../../../../arm-none-eabi/lib/thumb/v7-m/libc.a
LOAD /Applications/MBEDCLI.app/Contents/Resources/gcc/gcc-arm-none-eabi-6-2017-q2-update/bin/../lib/gcc/arm-none-eabi/6.3.1/thumb/v7-m/libgcc.a
LOAD /Applications/MBEDCLI.app/Contents/Resources/gcc/gcc-arm-none-eabi-6-2017-q2-update/bin/../lib/gcc/arm-none-eabi/6.3.1/../../../../arm-none-eabi/lib/thumb/v7-m/libnosys.a
END GROUP
LOAD ./mbed/a7c7b631e539/TARGET_LPC1768/TOOLCHAIN_GCC_ARM/libmbed.a
LOAD /Applications/MBEDCLI.app/Contents/Resources/gcc/gcc-arm-none-eabi-6-2017-q2-update/bin/../lib/gcc/arm-none-eabi/6.3.1/../../../../arm-none-eabi/lib/thumb/v7-m/libstdc++.a
LOAD /Applications/MBEDCLI.app/Contents/Resources/gcc/gcc-arm-none-eabi-6-2017-q2-update/bin/../lib/gcc/arm-none-eabi/6.3.1/../../../../arm-none-eabi/lib/thumb/v7-m/libsupc++.a
LOAD /Applications/MBEDCLI.app/Contents/Resources/gcc/gcc-arm-none-eabi-6-2017-q2-update/bin/../lib/gcc/arm-none-eabi/6.3.1/../../../../arm-none-eabi/lib/thumb/v7-m/libm.a
LOAD /Applications/MBEDCLI.app/Contents/Resources/gcc/gcc-arm-none-eabi-6-2017-q2-update/bin/../lib/gcc/arm-none-eabi/6.3.1/../../../../arm-none-eabi/lib/thumb/v7-m/libc.a
LOAD /Applications/MBEDCLI.app/Contents/Resources/gcc/gcc-arm-none-eabi-6-2017-q2-update/bin/../lib/gcc/arm-none-eabi/6.3.1/thumb/v7-m/libgcc.a
LOAD /Applications/MBEDCLI.app/Contents/Resources/gcc/gcc-arm-none-eabi-6-2017-q2-update/bin/../lib/gcc/arm-none-eabi/6.3.1/../../../../arm-none-eabi/lib/thumb/v7-m/libnosys.a
START GROUP
LOAD /Applications/MBEDCLI.app/Contents/Resources/gcc/gcc-arm-none-eabi-6-2017-q2-update/bin/../lib/gcc/arm-none-eabi/6.3.1/thumb/v7-m/libgcc.a
LOAD /Applications/MBEDCLI.app/Contents/Resources/gcc/gcc-arm-none-eabi-6-2017-q2-update/bin/../lib/gcc/arm-none-eabi/6.3.1/../../../../arm-none-eabi/lib/thumb/v7-m/libc.a
END GROUP
LOAD /Applications/MBEDCLI.app/Contents/Resources/gcc/gcc-arm-none-eabi-6-2017-q2-update/bin/../lib/gcc/arm-none-eabi/6.3.1/thumb/v7-m/crtend.o
LOAD /Applications/MBEDCLI.app/Contents/Resources/gcc/gcc-arm-none-eabi-6-2017-q2-update/bin/../lib/gcc/arm-none-eabi/6.3.1/thumb/v7-m/crtn.o

.text           0x0000000000000000     0x72c4
 *(.isr_vector)
 .isr_vector    0x0000000000000000       0xcc ./mbed/a7c7b631e539/TARGET_LPC1768/TOOLCHAIN_GCC_ARM/startup_LPC17xx.o
                0x0000000000000000                __isr_vector
                0x00000000000002fc                . = 0x2fc
 *fill*         0x00000000000000cc      0x230 
 *(.CRPSection)
 .CRPSection    0x00000000000002fc        0x4 ./mbed/a7c7b631e539/TARGET_LPC1768/TOOLCHAIN_GCC_ARM/CRP.o
                0x00000000000002fc                CRP_Key
 *(.text*)
 .text          0x0000000000000300       0x6c /Applications/MBEDCLI.app/Contents/Resources/gcc/gcc-arm-none-eabi-6-2017-q2-update/bin/../lib/gcc/arm-none-eabi/6.3.1/thumb/v7-m/crtbegin.o
 .text          0x000000000000036c       0x74 /Applications/MBEDCLI.app/Contents/Resources/gcc/gcc-arm-none-eabi-6-2017-q2-update/bin/../lib/gcc/arm-none-eabi/6.3.1/../../../../arm-none-eabi/lib/thumb/v7-m/crt0.o
                0x000000000000036c                _mainCRTStartup
                0x000000000000036c                _start
 .text.startup.main
                0x00000000000003e0        0x4 ./BUILD/LPC1768/GCC_ARM/./main.o
                0x00000000000003e0                main
 .text.gpio_set
                0x00000000000003e4       0x2c ./mbed/a7c7b631e539/TARGET_LPC1768/TOOLCHAIN_GCC_ARM/gpio_api.o
                0x00000000000003e4                gpio_set
 .text.gpio_init
                0x0000000000000410       0x2e ./mbed/a7c7b631e539/TARGET_LPC1768/TOOLCHAIN_GCC_ARM/gpio_api.o
                0x0000000000000410                gpio_init
 .text.gpio_mode
                0x000000000000043e        0x6 ./mbed/a7c7b631e539/TARGET_LPC1768/TOOLCHAIN_GCC_ARM/gpio_api.o
                0x000000000000043e                gpio_mode
 .text.gpio_dir
                0x0000000000000444       0x40 ./mbed/a7c7b631e539/TARGET_LPC1768/TOOLCHAIN_GCC_ARM/gpio_api.o
                0x0000000000000444                gpio_dir
 .text.gpio_write
                0x0000000000000484       0x2c ./mbed/a7c7b631e539/TARGET_LPC1768/TOOLCHAIN_GCC_ARM/mbed_board.o
 .text.mbed_die
                0x00000000000004b0       0x60 ./mbed/a7c7b631e539/TARGET_LPC1768/TOOLCHAIN_GCC_ARM/mbed_board.o
                0x00000000000004b0                mbed_die
 .text.mbed_error_vfprintf
                0x0000000000000510       0x5c ./mbed/a7c7b631e539/TARGET_LPC1768/TOOLCHAIN_GCC_ARM/mbed_board.o
                0x0000000000000510                mbed_error_vfprintf
 .text.mbed_error_printf
                0x000000000000056c       0x1a ./mbed/a7c7b631e539/TARGET_LPC1768/TOOLCHAIN_GCC_ARM/mbed_board.o
                0x000000000000056c                mbed_error_printf
 .text._ZN4mbed10FileHandle4syncEv
                0x0000000000000586        0x4 ./mbed/a7c7b631e539/TARGET_LPC1768/TOOLCHAIN_GCC_ARM/mbed_retarget.o
                0x0000000000000586                mbed::FileHandle::sync()
 .text._ZN4mbed10FileHandle4tellEv
                0x000000000000058a        0xa ./mbed/a7c7b631e539/TARGET_LPC1768/TOOLCHAIN_GCC_ARM/mbed_retarget.o
                0x000000000000058a                mbed::FileHandle::tell()
 .text._ZN4mbed10FileHandle6rewindEv
                0x0000000000000594        0xa ./mbed/a7c7b631e539/TARGET_LPC1768/TOOLCHAIN_GCC_ARM/mbed_retarget.o
                0x0000000000000594                mbed::FileHandle::rewind()
 .text._ZN4mbed10FileHandle5lseekEli
                0x000000000000059e        0x6 ./mbed/a7c7b631e539/TARGET_LPC1768/TOOLCHAIN_GCC_ARM/mbed_retarget.o
                0x000000000000059e                mbed::FileHandle::lseek(long, int)
 .text._ZN4mbed10FileHandle5fsyncEv
                0x00000000000005a4        0x6 ./mbed/a7c7b631e539/TARGET_LPC1768/TOOLCHAIN_GCC_ARM/mbed_retarget.o
                0x00000000000005a4                mbed::FileHandle::fsync()
 .text._ZN4mbed10FileHandle4flenEv
                0x00000000000005aa        0x6 ./mbed/a7c7b631e539/TARGET_LPC1768/TOOLCHAIN_GCC_ARM/mbed_retarget.o
                0x00000000000005aa                mbed::FileHandle::flen()
 .text._ZN4mbed10FileHandle12set_blockingEb
                0x00000000000005b0        0xc ./mbed/a7c7b631e539/TARGET_LPC1768/TOOLCHAIN_GCC_ARM/mbed_retarget.o
                0x00000000000005b0                mbed::FileHandle::set_blocking(bool)
 .text._ZNK4mbed10FileHandle11is_blockingEv
                0x00000000000005bc        0x4 ./mbed/a7c7b631e539/TARGET_LPC1768/TOOLCHAIN_GCC_ARM/mbed_retarget.o
                0x00000000000005bc                mbed::FileHandle::is_blocking() const
 .text._ZN4mbed10FileHandle5sigioENS_8CallbackIFvvEEE
                0x00000000000005c0        0x2 ./mbed/a7c7b631e539/TARGET_LPC1768/TOOLCHAIN_GCC_ARM/mbed_retarget.o
                0x00000000000005c0                mbed::FileHandle::sigio(mbed::Callback<void ()>)
 .text._ZN12DirectSerial4seekEli
                0x00000000000005c2        0x6 ./mbed/a7c7b631e539/TARGET_LPC1768/TOOLCHAIN_GCC_ARM/mbed_retarget.o
                0x00000000000005c2                DirectSerial::seek(long, int)
 .text._ZN12DirectSerial4sizeEv
                0x00000000000005c8        0x6 ./mbed/a7c7b631e539/TARGET_LPC1768/TOOLCHAIN_GCC_ARM/mbed_retarget.o
                0x00000000000005c8                DirectSerial::size()
 .text._ZN12DirectSerial6isattyEv
                0x00000000000005ce        0x4 ./mbed/a7c7b631e539/TARGET_LPC1768/TOOLCHAIN_GCC_ARM/mbed_retarget.o
                0x00000000000005ce                DirectSerial::isatty()
 .text._ZN12DirectSerial5closeEv
                0x00000000000005d2        0x4 ./mbed/a7c7b631e539/TARGET_LPC1768/TOOLCHAIN_GCC_ARM/mbed_retarget.o
                0x00000000000005d2                DirectSerial::close()
 .text._ZN12DirectSerialD2Ev
                0x00000000000005d6        0x2 ./mbed/a7c7b631e539/TARGET_LPC1768/TOOLCHAIN_GCC_ARM/mbed_retarget.o
                0x00000000000005d6                DirectSerial::~DirectSerial()
                0x00000000000005d6                DirectSerial::~DirectSerial()
 .text._ZN12DirectSerial5writeEPKvj
                0x00000000000005d8       0x24 ./mbed/a7c7b631e539/TARGET_LPC1768/TOOLCHAIN_GCC_ARM/mbed_retarget.o
                0x00000000000005d8                DirectSerial::write(void const*, unsigned int)
 .text._ZNK12DirectSerial4pollEs
                0x00000000000005fc       0x30 ./mbed/a7c7b631e539/TARGET_LPC1768/TOOLCHAIN_GCC_ARM/mbed_retarget.o
                0x00000000000005fc                DirectSerial::poll(short) const
 .text._ZN12DirectSerialD0Ev
                0x000000000000062c        0xc ./mbed/a7c7b631e539/TARGET_LPC1768/TOOLCHAIN_GCC_ARM/mbed_retarget.o
                0x000000000000062c                DirectSerial::~DirectSerial()
 .text._ZN12DirectSerial4readEPvj
                0x0000000000000638       0x1c ./mbed/a7c7b631e539/TARGET_LPC1768/TOOLCHAIN_GCC_ARM/mbed_retarget.o
                0x0000000000000638                DirectSerial::read(void*, unsigned int)
 .text._ZN12DirectSerialC2E7PinNameS0_i
                0x0000000000000654       0x30 ./mbed/a7c7b631e539/TARGET_LPC1768/TOOLCHAIN_GCC_ARM/mbed_retarget.o
                0x0000000000000654                DirectSerial::DirectSerial(PinName, PinName, int)
                0x0000000000000654                DirectSerial::DirectSerial(PinName, PinName, int)
 .text._ZN4mbed28mbed_target_override_consoleEi
                0x0000000000000684        0x4 ./mbed/a7c7b631e539/TARGET_LPC1768/TOOLCHAIN_GCC_ARM/mbed_retarget.o
                0x0000000000000684                mbed::mbed_target_override_console(int)
 .text._ZN4mbed21mbed_override_consoleEi
                0x0000000000000688        0x4 ./mbed/a7c7b631e539/TARGET_LPC1768/TOOLCHAIN_GCC_ARM/mbed_retarget.o
                0x0000000000000688                mbed::mbed_override_console(int)
 .text._sbrk    0x000000000000068c       0x44 ./mbed/a7c7b631e539/TARGET_LPC1768/TOOLCHAIN_GCC_ARM/mbed_retarget.o
                0x000000000000068c                _sbrk
 .text._exit    0x00000000000006d0       0x2c ./mbed/a7c7b631e539/TARGET_LPC1768/TOOLCHAIN_GCC_ARM/mbed_retarget.o
                0x00000000000006d0                _exit
 .text.__aeabi_atexit
                0x00000000000006fc        0x4 ./mbed/a7c7b631e539/TARGET_LPC1768/TOOLCHAIN_GCC_ARM/mbed_retarget.o
                0x00000000000006fc                __aeabi_atexit
 .text.__wrap_exit
                0x0000000000000700        0x6 ./mbed/a7c7b631e539/TARGET_LPC1768/TOOLCHAIN_GCC_ARM/mbed_retarget.o
                0x0000000000000700                __wrap_exit
 .text.__wrap_atexit
                0x0000000000000706        0x4 ./mbed/a7c7b631e539/TARGET_LPC1768/TOOLCHAIN_GCC_ARM/mbed_retarget.o
                0x0000000000000706                __wrap_atexit
 .text.__rtos_malloc_lock
                0x000000000000070a        0x2 ./mbed/a7c7b631e539/TARGET_LPC1768/TOOLCHAIN_GCC_ARM/mbed_retarget.o
                0x000000000000070a                __rtos_malloc_lock
 .text.__rtos_malloc_unlock
                0x000000000000070c        0x2 ./mbed/a7c7b631e539/TARGET_LPC1768/TOOLCHAIN_GCC_ARM/mbed_retarget.o
                0x000000000000070c                __rtos_malloc_unlock
 .text.__malloc_lock
                0x000000000000070e        0x8 ./mbed/a7c7b631e539/TARGET_LPC1768/TOOLCHAIN_GCC_ARM/mbed_retarget.o
                0x000000000000070e                __malloc_lock
 .text.__malloc_unlock
                0x0000000000000716        0x8 ./mbed/a7c7b631e539/TARGET_LPC1768/TOOLCHAIN_GCC_ARM/mbed_retarget.o
                0x0000000000000716                __malloc_unlock
 *fill*         0x000000000000071e        0x2 
 .text.__cxa_guard_acquire
                0x0000000000000720       0x34 ./mbed/a7c7b631e539/TARGET_LPC1768/TOOLCHAIN_GCC_ARM/mbed_retarget.o
                0x0000000000000720                __cxa_guard_acquire
 .text.__cxa_guard_release
                0x0000000000000754       0x30 ./mbed/a7c7b631e539/TARGET_LPC1768/TOOLCHAIN_GCC_ARM/mbed_retarget.o
                0x0000000000000754                __cxa_guard_release
 .text._ZL7get_fhci
                0x0000000000000784       0x88 ./mbed/a7c7b631e539/TARGET_LPC1768/TOOLCHAIN_GCC_ARM/mbed_retarget.o
 .text.close    0x000000000000080c       0x3c ./mbed/a7c7b631e539/TARGET_LPC1768/TOOLCHAIN_GCC_ARM/mbed_retarget.o
                0x000000000000080c                close
 .text._close   0x0000000000000848        0x4 ./mbed/a7c7b631e539/TARGET_LPC1768/TOOLCHAIN_GCC_ARM/mbed_retarget.o
                0x0000000000000848                _close
 .text.write    0x000000000000084c       0x34 ./mbed/a7c7b631e539/TARGET_LPC1768/TOOLCHAIN_GCC_ARM/mbed_retarget.o
                0x000000000000084c                write
 .text._write   0x0000000000000880       0x24 ./mbed/a7c7b631e539/TARGET_LPC1768/TOOLCHAIN_GCC_ARM/mbed_retarget.o
                0x0000000000000880                _write
 .text.read     0x00000000000008a4       0x34 ./mbed/a7c7b631e539/TARGET_LPC1768/TOOLCHAIN_GCC_ARM/mbed_retarget.o
                0x00000000000008a4                read
 .text._read    0x00000000000008d8       0x1c ./mbed/a7c7b631e539/TARGET_LPC1768/TOOLCHAIN_GCC_ARM/mbed_retarget.o
                0x00000000000008d8                _read
 .text.lseek    0x00000000000008f4       0x34 ./mbed/a7c7b631e539/TARGET_LPC1768/TOOLCHAIN_GCC_ARM/mbed_retarget.o
                0x00000000000008f4                lseek
 .text._lseek   0x0000000000000928        0x4 ./mbed/a7c7b631e539/TARGET_LPC1768/TOOLCHAIN_GCC_ARM/mbed_retarget.o
                0x0000000000000928                _lseek
 .text.mbed_main
                0x000000000000092c        0x2 ./mbed/a7c7b631e539/TARGET_LPC1768/TOOLCHAIN_GCC_ARM/mbed_sdk_boot.o
                0x000000000000092c                mbed_main
 .text.mbed_sdk_init
                0x000000000000092e        0x2 ./mbed/a7c7b631e539/TARGET_LPC1768/TOOLCHAIN_GCC_ARM/mbed_sdk_boot.o
                0x000000000000092e                mbed_sdk_init
 .text.software_init_hook_rtos
                0x0000000000000930        0x2 ./mbed/a7c7b631e539/TARGET_LPC1768/TOOLCHAIN_GCC_ARM/mbed_sdk_boot.o
                0x0000000000000930                software_init_hook_rtos
 *fill*         0x0000000000000932        0x2 
 .text.mbed_copy_nvic
                0x0000000000000934       0x2c ./mbed/a7c7b631e539/TARGET_LPC1768/TOOLCHAIN_GCC_ARM/mbed_sdk_boot.o
                0x0000000000000934                mbed_copy_nvic
 .text.software_init_hook
                0x0000000000000960       0x10 ./mbed/a7c7b631e539/TARGET_LPC1768/TOOLCHAIN_GCC_ARM/mbed_sdk_boot.o
                0x0000000000000960                software_init_hook
 .text.__wrap_main
                0x0000000000000970        0xe ./mbed/a7c7b631e539/TARGET_LPC1768/TOOLCHAIN_GCC_ARM/mbed_sdk_boot.o
                0x0000000000000970                __wrap_main
 *fill*         0x000000000000097e        0x2 
 .text.pin_function
                0x0000000000000980       0x4c ./mbed/a7c7b631e539/TARGET_LPC1768/TOOLCHAIN_GCC_ARM/pinmap.o
                0x0000000000000980                pin_function
 .text.pin_mode
                0x00000000000009cc       0x74 ./mbed/a7c7b631e539/TARGET_LPC1768/TOOLCHAIN_GCC_ARM/pinmap.o
                0x00000000000009cc                pin_mode
 .text.serial_irq_set_internal
                0x0000000000000a40       0xd0 ./mbed/a7c7b631e539/TARGET_LPC1768/TOOLCHAIN_GCC_ARM/serial_api.o
 .text.uart_irq
                0x0000000000000b10       0x64 ./mbed/a7c7b631e539/TARGET_LPC1768/TOOLCHAIN_GCC_ARM/serial_api.o
 .text.uart0_irq
                0x0000000000000b74       0x14 ./mbed/a7c7b631e539/TARGET_LPC1768/TOOLCHAIN_GCC_ARM/serial_api.o
                0x0000000000000b74                uart0_irq
 .text.uart1_irq
                0x0000000000000b88       0x14 ./mbed/a7c7b631e539/TARGET_LPC1768/TOOLCHAIN_GCC_ARM/serial_api.o
                0x0000000000000b88                uart1_irq
 .text.uart2_irq
                0x0000000000000b9c       0x14 ./mbed/a7c7b631e539/TARGET_LPC1768/TOOLCHAIN_GCC_ARM/serial_api.o
                0x0000000000000b9c                uart2_irq
 .text.uart3_irq
                0x0000000000000bb0       0x14 ./mbed/a7c7b631e539/TARGET_LPC1768/TOOLCHAIN_GCC_ARM/serial_api.o
                0x0000000000000bb0                uart3_irq
 .text.serial_baud
                0x0000000000000bc4      0x1f8 ./mbed/a7c7b631e539/TARGET_LPC1768/TOOLCHAIN_GCC_ARM/serial_api.o
                0x0000000000000bc4                serial_baud
 .text.serial_format
                0x0000000000000dbc       0x74 ./mbed/a7c7b631e539/TARGET_LPC1768/TOOLCHAIN_GCC_ARM/serial_api.o
                0x0000000000000dbc                serial_format
 .text.serial_getc
                0x0000000000000e30       0x34 ./mbed/a7c7b631e539/TARGET_LPC1768/TOOLCHAIN_GCC_ARM/serial_api.o
                0x0000000000000e30                serial_getc
 .text.serial_readable
                0x0000000000000e64        0xa ./mbed/a7c7b631e539/TARGET_LPC1768/TOOLCHAIN_GCC_ARM/serial_api.o
                0x0000000000000e64                serial_readable
 *fill*         0x0000000000000e6e        0x2 
 .text.serial_writable
                0x0000000000000e70       0x4c ./mbed/a7c7b631e539/TARGET_LPC1768/TOOLCHAIN_GCC_ARM/serial_api.o
                0x0000000000000e70                serial_writable
 .text.serial_putc
                0x0000000000000ebc       0x30 ./mbed/a7c7b631e539/TARGET_LPC1768/TOOLCHAIN_GCC_ARM/serial_api.o
                0x0000000000000ebc                serial_putc
 .text.serial_set_flow_control
                0x0000000000000eec      0x108 ./mbed/a7c7b631e539/TARGET_LPC1768/TOOLCHAIN_GCC_ARM/serial_api.o
                0x0000000000000eec                serial_set_flow_control
 .text.serial_init
                0x0000000000000ff4      0x16c ./mbed/a7c7b631e539/TARGET_LPC1768/TOOLCHAIN_GCC_ARM/serial_api.o
                0x0000000000000ff4                serial_init
 .text          0x0000000000001160       0x44 ./mbed/a7c7b631e539/TARGET_LPC1768/TOOLCHAIN_GCC_ARM/startup_LPC17xx.o
                0x0000000000001160                Reset_Handler
                0x0000000000001190                NMI_Handler
                0x0000000000001192                HardFault_Handler
                0x0000000000001194                MemManage_Handler
                0x0000000000001196                BusFault_Handler
                0x0000000000001198                UsageFault_Handler
                0x000000000000119a                SVC_Handler
                0x000000000000119c                DebugMon_Handler
                0x000000000000119e                PendSV_Handler
                0x00000000000011a0                SysTick_Handler
                0x00000000000011a2                TIMER3_IRQHandler
                0x00000000000011a2                UART0_IRQHandler
                0x00000000000011a2                PLL0_IRQHandler
                0x00000000000011a2                CAN_IRQHandler
                0x00000000000011a2                PLL1_IRQHandler
                0x00000000000011a2                SSP0_IRQHandler
                0x00000000000011a2                I2S_IRQHandler
                0x00000000000011a2                I2C2_IRQHandler
                0x00000000000011a2                RTC_IRQHandler
                0x00000000000011a2                TIMER0_IRQHandler
                0x00000000000011a2                SPI_IRQHandler
                0x00000000000011a2                EINT1_IRQHandler
                0x00000000000011a2                TIMER1_IRQHandler
                0x00000000000011a2                UART2_IRQHandler
                0x00000000000011a2                Default_Handler
                0x00000000000011a2                ADC_IRQHandler
                0x00000000000011a2                SSP1_IRQHandler
                0x00000000000011a2                USB_IRQHandler
                0x00000000000011a2                BOD_IRQHandler
                0x00000000000011a2                WDT_IRQHandler
                0x00000000000011a2                QEI_IRQHandler
                0x00000000000011a2                EINT0_IRQHandler
                0x00000000000011a2                DEF_IRQHandler
                0x00000000000011a2                DMA_IRQHandler
                0x00000000000011a2                UART3_IRQHandler
                0x00000000000011a2                MCPWM_IRQHandler
                0x00000000000011a2                TIMER2_IRQHandler
                0x00000000000011a2                ENET_IRQHandler
                0x00000000000011a2                RIT_IRQHandler
                0x00000000000011a2                I2C0_IRQHandler
                0x00000000000011a2                USBActivity_IRQHandler
                0x00000000000011a2                PWM1_IRQHandler
                0x00000000000011a2                I2C1_IRQHandler
                0x00000000000011a2                EINT2_IRQHandler
                0x00000000000011a2                UART1_IRQHandler
                0x00000000000011a2                EINT3_IRQHandler
                0x00000000000011a2                CANActivity_IRQHandler
 .text.SystemInit
                0x00000000000011a4       0xa4 ./mbed/a7c7b631e539/TARGET_LPC1768/TOOLCHAIN_GCC_ARM/system_LPC17xx.o
                0x00000000000011a4                SystemInit
 .text.us_ticker_get_info
                0x0000000000001248        0x8 ./mbed/a7c7b631e539/TARGET_LPC1768/TOOLCHAIN_GCC_ARM/us_ticker.o
                0x0000000000001248                us_ticker_get_info
 .text.us_ticker_read
                0x0000000000001250        0xc ./mbed/a7c7b631e539/TARGET_LPC1768/TOOLCHAIN_GCC_ARM/us_ticker.o
                0x0000000000001250                us_ticker_read
 .text.us_ticker_set_interrupt
                0x000000000000125c       0x14 ./mbed/a7c7b631e539/TARGET_LPC1768/TOOLCHAIN_GCC_ARM/us_ticker.o
                0x000000000000125c                us_ticker_set_interrupt
 .text.us_ticker_fire_interrupt
                0x0000000000001270       0x10 ./mbed/a7c7b631e539/TARGET_LPC1768/TOOLCHAIN_GCC_ARM/us_ticker.o
                0x0000000000001270                us_ticker_fire_interrupt
 .text.us_ticker_disable_interrupt
                0x0000000000001280       0x10 ./mbed/a7c7b631e539/TARGET_LPC1768/TOOLCHAIN_GCC_ARM/us_ticker.o
                0x0000000000001280                us_ticker_disable_interrupt
 .text.us_ticker_init
                0x0000000000001290       0x64 ./mbed/a7c7b631e539/TARGET_LPC1768/TOOLCHAIN_GCC_ARM/us_ticker.o
                0x0000000000001290                us_ticker_init
 .text.us_ticker_clear_interrupt
                0x00000000000012f4        0xc ./mbed/a7c7b631e539/TARGET_LPC1768/TOOLCHAIN_GCC_ARM/us_ticker.o
                0x00000000000012f4                us_ticker_clear_interrupt
 .text.gpio_write
                0x0000000000001300       0x2c ./mbed/a7c7b631e539/TARGET_LPC1768/TOOLCHAIN_GCC_ARM/libmbed.a(mbed_gpio.o)
 .text._gpio_init_in
                0x000000000000132c       0x26 ./mbed/a7c7b631e539/TARGET_LPC1768/TOOLCHAIN_GCC_ARM/libmbed.a(mbed_gpio.o)
 .text.gpio_init_in
                0x0000000000001352        0x6 ./mbed/a7c7b631e539/TARGET_LPC1768/TOOLCHAIN_GCC_ARM/libmbed.a(mbed_gpio.o)
                0x0000000000001352                gpio_init_in
 .text.gpio_init_out_ex
                0x0000000000001358       0x2e ./mbed/a7c7b631e539/TARGET_LPC1768/TOOLCHAIN_GCC_ARM/libmbed.a(mbed_gpio.o)
                0x0000000000001358                gpio_init_out_ex
 .text.gpio_init_out
                0x0000000000001386        0x6 ./mbed/a7c7b631e539/TARGET_LPC1768/TOOLCHAIN_GCC_ARM/libmbed.a(mbed_gpio.o)
                0x0000000000001386                gpio_init_out
 .text.get_us_ticker_data
                0x000000000000138c        0x8 ./mbed/a7c7b631e539/TARGET_LPC1768/TOOLCHAIN_GCC_ARM/libmbed.a(mbed_us_ticker_api.o)
                0x000000000000138c                get_us_ticker_data
 .text.us_ticker_irq_handler
                0x0000000000001394       0x14 ./mbed/a7c7b631e539/TARGET_LPC1768/TOOLCHAIN_GCC_ARM/libmbed.a(mbed_us_ticker_api.o)
                0x0000000000001394                us_ticker_irq_handler
 .text.pinmap_pinout
                0x00000000000013a8       0x48 ./mbed/a7c7b631e539/TARGET_LPC1768/TOOLCHAIN_GCC_ARM/libmbed.a(mbed_pinmap_common.o)
                0x00000000000013a8                pinmap_pinout
 .text.pinmap_merge
                0x00000000000013f0       0x34 ./mbed/a7c7b631e539/TARGET_LPC1768/TOOLCHAIN_GCC_ARM/libmbed.a(mbed_pinmap_common.o)
                0x00000000000013f0                pinmap_merge
 .text.pinmap_find_peripheral
                0x0000000000001424       0x16 ./mbed/a7c7b631e539/TARGET_LPC1768/TOOLCHAIN_GCC_ARM/libmbed.a(mbed_pinmap_common.o)
                0x0000000000001424                pinmap_find_peripheral
 *fill*         0x000000000000143a        0x2 
 .text.pinmap_peripheral
                0x000000000000143c       0x30 ./mbed/a7c7b631e539/TARGET_LPC1768/TOOLCHAIN_GCC_ARM/libmbed.a(mbed_pinmap_common.o)
                0x000000000000143c                pinmap_peripheral
 .text.mbed_assert_internal
                0x000000000000146c       0x24 ./mbed/a7c7b631e539/TARGET_LPC1768/TOOLCHAIN_GCC_ARM/libmbed.a(mbed_assert.o)
                0x000000000000146c                mbed_assert_internal
 .text.core_util_are_interrupts_enabled
                0x0000000000001490        0xc ./mbed/a7c7b631e539/TARGET_LPC1768/TOOLCHAIN_GCC_ARM/libmbed.a(mbed_critical.o)
                0x0000000000001490                core_util_are_interrupts_enabled
 .text.core_util_is_isr_active
                0x000000000000149c        0xc ./mbed/a7c7b631e539/TARGET_LPC1768/TOOLCHAIN_GCC_ARM/libmbed.a(mbed_critical.o)
                0x000000000000149c                core_util_is_isr_active
 .text.core_util_critical_section_enter
                0x00000000000014a8       0x2c ./mbed/a7c7b631e539/TARGET_LPC1768/TOOLCHAIN_GCC_ARM/libmbed.a(mbed_critical.o)
                0x00000000000014a8                core_util_critical_section_enter
 .text.core_util_critical_section_exit
                0x00000000000014d4       0x1c ./mbed/a7c7b631e539/TARGET_LPC1768/TOOLCHAIN_GCC_ARM/libmbed.a(mbed_critical.o)
                0x00000000000014d4                core_util_critical_section_exit
 .text.update_present_time
                0x00000000000014f0       0xf4 ./mbed/a7c7b631e539/TARGET_LPC1768/TOOLCHAIN_GCC_ARM/libmbed.a(mbed_ticker_api.o)
 .text._ticker_match_interval_passed
                0x00000000000015e4       0x28 ./mbed/a7c7b631e539/TARGET_LPC1768/TOOLCHAIN_GCC_ARM/libmbed.a(mbed_ticker_api.o)
                0x00000000000015e4                _ticker_match_interval_passed
 .text.schedule_interrupt
                0x000000000000160c       0xc8 ./mbed/a7c7b631e539/TARGET_LPC1768/TOOLCHAIN_GCC_ARM/libmbed.a(mbed_ticker_api.o)
 .text.initialize.part.2
                0x00000000000016d4       0xdc ./mbed/a7c7b631e539/TARGET_LPC1768/TOOLCHAIN_GCC_ARM/libmbed.a(mbed_ticker_api.o)
 .text.ticker_irq_handler
                0x00000000000017b0       0x4c ./mbed/a7c7b631e539/TARGET_LPC1768/TOOLCHAIN_GCC_ARM/libmbed.a(mbed_ticker_api.o)
                0x00000000000017b0                ticker_irq_handler
 .text.ticker_read_us
                0x00000000000017fc       0x26 ./mbed/a7c7b631e539/TARGET_LPC1768/TOOLCHAIN_GCC_ARM/libmbed.a(mbed_ticker_api.o)
                0x00000000000017fc                ticker_read_us
 .text.ticker_read
                0x0000000000001822        0x8 ./mbed/a7c7b631e539/TARGET_LPC1768/TOOLCHAIN_GCC_ARM/libmbed.a(mbed_ticker_api.o)
                0x0000000000001822                ticker_read
 *fill*         0x000000000000182a        0x2 
 .text.handle_error.isra.0
                0x000000000000182c       0x90 ./mbed/a7c7b631e539/TARGET_LPC1768/TOOLCHAIN_GCC_ARM/libmbed.a(mbed_error.o)
 .text.unlikely.print_error_report.constprop.1
                0x00000000000018bc       0xf0 ./mbed/a7c7b631e539/TARGET_LPC1768/TOOLCHAIN_GCC_ARM/libmbed.a(mbed_error.o)
 .text.mbed_error
                0x00000000000019ac       0x30 ./mbed/a7c7b631e539/TARGET_LPC1768/TOOLCHAIN_GCC_ARM/libmbed.a(mbed_error.o)
                0x00000000000019ac                mbed_error
 .text.wait_us  0x00000000000019dc       0x1e ./mbed/a7c7b631e539/TARGET_LPC1768/TOOLCHAIN_GCC_ARM/libmbed.a(mbed_wait_api_no_rtos.o)
                0x00000000000019dc                wait_us
 .text.wait_ms  0x00000000000019fa        0xa ./mbed/a7c7b631e539/TARGET_LPC1768/TOOLCHAIN_GCC_ARM/libmbed.a(mbed_wait_api_no_rtos.o)
                0x00000000000019fa                wait_ms
 .text.mbed_interface_connected
                0x0000000000001a04        0x4 ./mbed/a7c7b631e539/TARGET_LPC1768/TOOLCHAIN_GCC_ARM/libmbed.a(mbed_interface.o)
                0x0000000000001a04                mbed_interface_connected
 .text.semihost_exit
                0x0000000000001a08       0x16 ./mbed/a7c7b631e539/TARGET_LPC1768/TOOLCHAIN_GCC_ARM/libmbed.a(mbed_semihost_api.o)
                0x0000000000001a08                semihost_exit
 *fill*         0x0000000000001a1e        0x2 
 .text.semihost_connected
                0x0000000000001a20       0x10 ./mbed/a7c7b631e539/TARGET_LPC1768/TOOLCHAIN_GCC_ARM/libmbed.a(mbed_semihost_api.o)
                0x0000000000001a20                semihost_connected
 .text.hal_critical_section_enter
                0x0000000000001a30       0x24 ./mbed/a7c7b631e539/TARGET_LPC1768/TOOLCHAIN_GCC_ARM/libmbed.a(mbed_critical_section_api.o)
                0x0000000000001a30                hal_critical_section_enter
 .text.hal_critical_section_exit
                0x0000000000001a54       0x34 ./mbed/a7c7b631e539/TARGET_LPC1768/TOOLCHAIN_GCC_ARM/libmbed.a(mbed_critical_section_api.o)
                0x0000000000001a54                hal_critical_section_exit
 .text.mbed_error_hist_put
                0x0000000000001a88       0x48 ./mbed/a7c7b631e539/TARGET_LPC1768/TOOLCHAIN_GCC_ARM/libmbed.a(mbed_error_hist.o)
                0x0000000000001a88                mbed_error_hist_put
 .text.abs      0x0000000000001ad0        0x8 /Applications/MBEDCLI.app/Contents/Resources/gcc/gcc-arm-none-eabi-6-2017-q2-update/bin/../lib/gcc/arm-none-eabi/6.3.1/../../../../arm-none-eabi/lib/thumb/v7-m/libc.a(lib_a-abs.o)
                0x0000000000001ad0                abs
 .text.__errno  0x0000000000001ad8        0xc /Applications/MBEDCLI.app/Contents/Resources/gcc/gcc-arm-none-eabi-6-2017-q2-update/bin/../lib/gcc/arm-none-eabi/6.3.1/../../../../arm-none-eabi/lib/thumb/v7-m/libc.a(lib_a-errno.o)
                0x0000000000001ad8                __errno
 .text._fclose_r
                0x0000000000001ae4       0xc4 /Applications/MBEDCLI.app/Contents/Resources/gcc/gcc-arm-none-eabi-6-2017-q2-update/bin/../lib/gcc/arm-none-eabi/6.3.1/../../../../arm-none-eabi/lib/thumb/v7-m/libc.a(lib_a-fclose.o)
                0x0000000000001ae4                _fclose_r
 .text.__sflush_r
                0x0000000000001ba8      0x138 /Applications/MBEDCLI.app/Contents/Resources/gcc/gcc-arm-none-eabi-6-2017-q2-update/bin/../lib/gcc/arm-none-eabi/6.3.1/../../../../arm-none-eabi/lib/thumb/v7-m/libc.a(lib_a-fflush.o)
                0x0000000000001ba8                __sflush_r
 .text._fflush_r
                0x0000000000001ce0       0x54 /Applications/MBEDCLI.app/Contents/Resources/gcc/gcc-arm-none-eabi-6-2017-q2-update/bin/../lib/gcc/arm-none-eabi/6.3.1/../../../../arm-none-eabi/lib/thumb/v7-m/libc.a(lib_a-fflush.o)
                0x0000000000001ce0                _fflush_r
 .text.fflush   0x0000000000001d34       0x24 /Applications/MBEDCLI.app/Contents/Resources/gcc/gcc-arm-none-eabi-6-2017-q2-update/bin/../lib/gcc/arm-none-eabi/6.3.1/../../../../arm-none-eabi/lib/thumb/v7-m/libc.a(lib_a-fflush.o)
                0x0000000000001d34                fflush
 .text._cleanup_r
                0x0000000000001d58        0xc /Applications/MBEDCLI.app/Contents/Resources/gcc/gcc-arm-none-eabi-6-2017-q2-update/bin/../lib/gcc/arm-none-eabi/6.3.1/../../../../arm-none-eabi/lib/thumb/v7-m/libc.a(lib_a-findfp.o)
                0x0000000000001d58                _cleanup_r
 .text.std.isra.0
                0x0000000000001d64       0x50 /Applications/MBEDCLI.app/Contents/Resources/gcc/gcc-arm-none-eabi-6-2017-q2-update/bin/../lib/gcc/arm-none-eabi/6.3.1/../../../../arm-none-eabi/lib/thumb/v7-m/libc.a(lib_a-findfp.o)
 .text.__sinit  0x0000000000001db4       0x60 /Applications/MBEDCLI.app/Contents/Resources/gcc/gcc-arm-none-eabi-6-2017-q2-update/bin/../lib/gcc/arm-none-eabi/6.3.1/../../../../arm-none-eabi/lib/thumb/v7-m/libc.a(lib_a-findfp.o)
                0x0000000000001db4                __sinit
 .text.__sfp_lock_acquire
                0x0000000000001e14        0xc /Applications/MBEDCLI.app/Contents/Resources/gcc/gcc-arm-none-eabi-6-2017-q2-update/bin/../lib/gcc/arm-none-eabi/6.3.1/../../../../arm-none-eabi/lib/thumb/v7-m/libc.a(lib_a-findfp.o)
                0x0000000000001e14                __sfp_lock_acquire
 .text.__sfp_lock_release
                0x0000000000001e20        0xc /Applications/MBEDCLI.app/Contents/Resources/gcc/gcc-arm-none-eabi-6-2017-q2-update/bin/../lib/gcc/arm-none-eabi/6.3.1/../../../../arm-none-eabi/lib/thumb/v7-m/libc.a(lib_a-findfp.o)
                0x0000000000001e20                __sfp_lock_release
 .text._fwalk_reent
                0x0000000000001e2c       0x50 /Applications/MBEDCLI.app/Contents/Resources/gcc/gcc-arm-none-eabi-6-2017-q2-update/bin/../lib/gcc/arm-none-eabi/6.3.1/../../../../arm-none-eabi/lib/thumb/v7-m/libc.a(lib_a-fwalk.o)
                0x0000000000001e2c                _fwalk_reent
 .text.__libc_init_array
                0x0000000000001e7c       0x50 /Applications/MBEDCLI.app/Contents/Resources/gcc/gcc-arm-none-eabi-6-2017-q2-update/bin/../lib/gcc/arm-none-eabi/6.3.1/../../../../arm-none-eabi/lib/thumb/v7-m/libc.a(lib_a-init.o)
                0x0000000000001e7c                __libc_init_array
 .text.__retarget_lock_init_recursive
                0x0000000000001ecc        0x4 /Applications/MBEDCLI.app/Contents/Resources/gcc/gcc-arm-none-eabi-6-2017-q2-update/bin/../lib/gcc/arm-none-eabi/6.3.1/../../../../arm-none-eabi/lib/thumb/v7-m/libc.a(lib_a-lock.o)
                0x0000000000001ecc                __retarget_lock_init_recursive
 .text.__retarget_lock_close_recursive
                0x0000000000001ed0        0x4 /Applications/MBEDCLI.app/Contents/Resources/gcc/gcc-arm-none-eabi-6-2017-q2-update/bin/../lib/gcc/arm-none-eabi/6.3.1/../../../../arm-none-eabi/lib/thumb/v7-m/libc.a(lib_a-lock.o)
                0x0000000000001ed0                __retarget_lock_close_recursive
 .text.__retarget_lock_acquire_recursive
                0x0000000000001ed4        0x4 /Applications/MBEDCLI.app/Contents/Resources/gcc/gcc-arm-none-eabi-6-2017-q2-update/bin/../lib/gcc/arm-none-eabi/6.3.1/../../../../arm-none-eabi/lib/thumb/v7-m/libc.a(lib_a-lock.o)
                0x0000000000001ed4                __retarget_lock_acquire_recursive
 .text.__retarget_lock_release_recursive
                0x0000000000001ed8        0x4 /Applications/MBEDCLI.app/Contents/Resources/gcc/gcc-arm-none-eabi-6-2017-q2-update/bin/../lib/gcc/arm-none-eabi/6.3.1/../../../../arm-none-eabi/lib/thumb/v7-m/libc.a(lib_a-lock.o)
                0x0000000000001ed8                __retarget_lock_release_recursive
 .text.free     0x0000000000001edc       0x10 /Applications/MBEDCLI.app/Contents/Resources/gcc/gcc-arm-none-eabi-6-2017-q2-update/bin/../lib/gcc/arm-none-eabi/6.3.1/../../../../arm-none-eabi/lib/thumb/v7-m/libc.a(lib_a-malloc.o)
                0x0000000000001edc                free
 .text.memchr   0x0000000000001eec       0x8c /Applications/MBEDCLI.app/Contents/Resources/gcc/gcc-arm-none-eabi-6-2017-q2-update/bin/../lib/gcc/arm-none-eabi/6.3.1/../../../../arm-none-eabi/lib/thumb/v7-m/libc.a(lib_a-memchr-stub.o)
                0x0000000000001eec                memchr
 .text          0x0000000000001f78       0xec /Applications/MBEDCLI.app/Contents/Resources/gcc/gcc-arm-none-eabi-6-2017-q2-update/bin/../lib/gcc/arm-none-eabi/6.3.1/../../../../arm-none-eabi/lib/thumb/v7-m/libc.a(lib_a-memcpy.o)
                0x0000000000001f78                memcpy
 .text.memset   0x0000000000002064       0x9c /Applications/MBEDCLI.app/Contents/Resources/gcc/gcc-arm-none-eabi-6-2017-q2-update/bin/../lib/gcc/arm-none-eabi/6.3.1/../../../../arm-none-eabi/lib/thumb/v7-m/libc.a(lib_a-memset.o)
                0x0000000000002064                memset
 .text.__sread  0x0000000000002100       0x24 /Applications/MBEDCLI.app/Contents/Resources/gcc/gcc-arm-none-eabi-6-2017-q2-update/bin/../lib/gcc/arm-none-eabi/6.3.1/../../../../arm-none-eabi/lib/thumb/v7-m/libc.a(lib_a-stdio.o)
                0x0000000000002100                __sread
 .text.__swrite
                0x0000000000002124       0x3c /Applications/MBEDCLI.app/Contents/Resources/gcc/gcc-arm-none-eabi-6-2017-q2-update/bin/../lib/gcc/arm-none-eabi/6.3.1/../../../../arm-none-eabi/lib/thumb/v7-m/libc.a(lib_a-stdio.o)
                0x0000000000002124                __swrite
 .text.__sseek  0x0000000000002160       0x20 /Applications/MBEDCLI.app/Contents/Resources/gcc/gcc-arm-none-eabi-6-2017-q2-update/bin/../lib/gcc/arm-none-eabi/6.3.1/../../../../arm-none-eabi/lib/thumb/v7-m/libc.a(lib_a-stdio.o)
                0x0000000000002160                __sseek
 .text.__sclose
                0x0000000000002180        0x8 /Applications/MBEDCLI.app/Contents/Resources/gcc/gcc-arm-none-eabi-6-2017-q2-update/bin/../lib/gcc/arm-none-eabi/6.3.1/../../../../arm-none-eabi/lib/thumb/v7-m/libc.a(lib_a-stdio.o)
                0x0000000000002180                __sclose
 .text.strlen   0x0000000000002188       0x5c /Applications/MBEDCLI.app/Contents/Resources/gcc/gcc-arm-none-eabi-6-2017-q2-update/bin/../lib/gcc/arm-none-eabi/6.3.1/../../../../arm-none-eabi/lib/thumb/v7-m/libc.a(lib_a-strlen-stub.o)
                0x0000000000002188                strlen
 .text._vsnprintf_r
                0x00000000000021e4       0x70 /Applications/MBEDCLI.app/Contents/Resources/gcc/gcc-arm-none-eabi-6-2017-q2-update/bin/../lib/gcc/arm-none-eabi/6.3.1/../../../../arm-none-eabi/lib/thumb/v7-m/libc.a(lib_a-vsnprintf.o)
                0x00000000000021e4                _vsnprintf_r
 .text.vsnprintf
                0x0000000000002254       0x20 /Applications/MBEDCLI.app/Contents/Resources/gcc/gcc-arm-none-eabi-6-2017-q2-update/bin/../lib/gcc/arm-none-eabi/6.3.1/../../../../arm-none-eabi/lib/thumb/v7-m/libc.a(lib_a-vsnprintf.o)
                0x0000000000002254                vsnprintf
 .text._write_r
                0x0000000000002274       0x2c /Applications/MBEDCLI.app/Contents/Resources/gcc/gcc-arm-none-eabi-6-2017-q2-update/bin/../lib/gcc/arm-none-eabi/6.3.1/../../../../arm-none-eabi/lib/thumb/v7-m/libc.a(lib_a-writer.o)
                0x0000000000002274                _write_r
 .text._close_r
                0x00000000000022a0       0x24 /Applications/MBEDCLI.app/Contents/Resources/gcc/gcc-arm-none-eabi-6-2017-q2-update/bin/../lib/gcc/arm-none-eabi/6.3.1/../../../../arm-none-eabi/lib/thumb/v7-m/libc.a(lib_a-closer.o)
                0x00000000000022a0                _close_r
 .text.quorem   0x00000000000022c4      0x128 /Applications/MBEDCLI.app/Contents/Resources/gcc/gcc-arm-none-eabi-6-2017-q2-update/bin/../lib/gcc/arm-none-eabi/6.3.1/../../../../arm-none-eabi/lib/thumb/v7-m/libc.a(lib_a-dtoa.o)
 *fill*         0x00000000000023ec        0x4 
 .text._dtoa_r  0x00000000000023f0      0xe44 /Applications/MBEDCLI.app/Contents/Resources/gcc/gcc-arm-none-eabi-6-2017-q2-update/bin/../lib/gcc/arm-none-eabi/6.3.1/../../../../arm-none-eabi/lib/thumb/v7-m/libc.a(lib_a-dtoa.o)
                0x00000000000023f0                _dtoa_r
 .text._localeconv_r
                0x0000000000003234       0x1c /Applications/MBEDCLI.app/Contents/Resources/gcc/gcc-arm-none-eabi-6-2017-q2-update/bin/../lib/gcc/arm-none-eabi/6.3.1/../../../../arm-none-eabi/lib/thumb/v7-m/libc.a(lib_a-localeconv.o)
                0x0000000000003234                _localeconv_r
 .text._lseek_r
                0x0000000000003250       0x2c /Applications/MBEDCLI.app/Contents/Resources/gcc/gcc-arm-none-eabi-6-2017-q2-update/bin/../lib/gcc/arm-none-eabi/6.3.1/../../../../arm-none-eabi/lib/thumb/v7-m/libc.a(lib_a-lseekr.o)
                0x0000000000003250                _lseek_r
 .text.__ascii_mbtowc
                0x000000000000327c       0x2c /Applications/MBEDCLI.app/Contents/Resources/gcc/gcc-arm-none-eabi-6-2017-q2-update/bin/../lib/gcc/arm-none-eabi/6.3.1/../../../../arm-none-eabi/lib/thumb/v7-m/libc.a(lib_a-mbtowc_r.o)
                0x000000000000327c                __ascii_mbtowc
 .text._Balloc  0x00000000000032a8       0x4c /Applications/MBEDCLI.app/Contents/Resources/gcc/gcc-arm-none-eabi-6-2017-q2-update/bin/../lib/gcc/arm-none-eabi/6.3.1/../../../../arm-none-eabi/lib/thumb/v7-m/libc.a(lib_a-mprec.o)
                0x00000000000032a8                _Balloc
 .text._Bfree   0x00000000000032f4       0x14 /Applications/MBEDCLI.app/Contents/Resources/gcc/gcc-arm-none-eabi-6-2017-q2-update/bin/../lib/gcc/arm-none-eabi/6.3.1/../../../../arm-none-eabi/lib/thumb/v7-m/libc.a(lib_a-mprec.o)
                0x00000000000032f4                _Bfree
 .text.__multadd
                0x0000000000003308       0x84 /Applications/MBEDCLI.app/Contents/Resources/gcc/gcc-arm-none-eabi-6-2017-q2-update/bin/../lib/gcc/arm-none-eabi/6.3.1/../../../../arm-none-eabi/lib/thumb/v7-m/libc.a(lib_a-mprec.o)
                0x0000000000003308                __multadd
 .text.__hi0bits
                0x000000000000338c       0x40 /Applications/MBEDCLI.app/Contents/Resources/gcc/gcc-arm-none-eabi-6-2017-q2-update/bin/../lib/gcc/arm-none-eabi/6.3.1/../../../../arm-none-eabi/lib/thumb/v7-m/libc.a(lib_a-mprec.o)
                0x000000000000338c                __hi0bits
 .text.__lo0bits
                0x00000000000033cc       0x60 /Applications/MBEDCLI.app/Contents/Resources/gcc/gcc-arm-none-eabi-6-2017-q2-update/bin/../lib/gcc/arm-none-eabi/6.3.1/../../../../arm-none-eabi/lib/thumb/v7-m/libc.a(lib_a-mprec.o)
                0x00000000000033cc                __lo0bits
 .text.__i2b    0x000000000000342c       0x14 /Applications/MBEDCLI.app/Contents/Resources/gcc/gcc-arm-none-eabi-6-2017-q2-update/bin/../lib/gcc/arm-none-eabi/6.3.1/../../../../arm-none-eabi/lib/thumb/v7-m/libc.a(lib_a-mprec.o)
                0x000000000000342c                __i2b
 .text.__multiply
                0x0000000000003440      0x124 /Applications/MBEDCLI.app/Contents/Resources/gcc/gcc-arm-none-eabi-6-2017-q2-update/bin/../lib/gcc/arm-none-eabi/6.3.1/../../../../arm-none-eabi/lib/thumb/v7-m/libc.a(lib_a-mprec.o)
                0x0000000000003440                __multiply
 .text.__pow5mult
                0x0000000000003564       0xa0 /Applications/MBEDCLI.app/Contents/Resources/gcc/gcc-arm-none-eabi-6-2017-q2-update/bin/../lib/gcc/arm-none-eabi/6.3.1/../../../../arm-none-eabi/lib/thumb/v7-m/libc.a(lib_a-mprec.o)
                0x0000000000003564                __pow5mult
 .text.__lshift
                0x0000000000003604       0xa0 /Applications/MBEDCLI.app/Contents/Resources/gcc/gcc-arm-none-eabi-6-2017-q2-update/bin/../lib/gcc/arm-none-eabi/6.3.1/../../../../arm-none-eabi/lib/thumb/v7-m/libc.a(lib_a-mprec.o)
                0x0000000000003604                __lshift
 .text.__mcmp   0x00000000000036a4       0x38 /Applications/MBEDCLI.app/Contents/Resources/gcc/gcc-arm-none-eabi-6-2017-q2-update/bin/../lib/gcc/arm-none-eabi/6.3.1/../../../../arm-none-eabi/lib/thumb/v7-m/libc.a(lib_a-mprec.o)
                0x00000000000036a4                __mcmp
 .text.__mdiff  0x00000000000036dc      0x11c /Applications/MBEDCLI.app/Contents/Resources/gcc/gcc-arm-none-eabi-6-2017-q2-update/bin/../lib/gcc/arm-none-eabi/6.3.1/../../../../arm-none-eabi/lib/thumb/v7-m/libc.a(lib_a-mprec.o)
                0x00000000000036dc                __mdiff
 .text.__d2b    0x00000000000037f8       0xa8 /Applications/MBEDCLI.app/Contents/Resources/gcc/gcc-arm-none-eabi-6-2017-q2-update/bin/../lib/gcc/arm-none-eabi/6.3.1/../../../../arm-none-eabi/lib/thumb/v7-m/libc.a(lib_a-mprec.o)
                0x00000000000037f8                __d2b
 .text._read_r  0x00000000000038a0       0x2c /Applications/MBEDCLI.app/Contents/Resources/gcc/gcc-arm-none-eabi-6-2017-q2-update/bin/../lib/gcc/arm-none-eabi/6.3.1/../../../../arm-none-eabi/lib/thumb/v7-m/libc.a(lib_a-readr.o)
                0x00000000000038a0                _read_r
 .text._svfprintf_r
                0x00000000000038cc     0x1500 /Applications/MBEDCLI.app/Contents/Resources/gcc/gcc-arm-none-eabi-6-2017-q2-update/bin/../lib/gcc/arm-none-eabi/6.3.1/../../../../arm-none-eabi/lib/thumb/v7-m/libc.a(lib_a-svfprintf.o)
                0x00000000000038cc                _svfprintf_r
 .text.__ascii_wctomb
                0x0000000000004dcc       0x18 /Applications/MBEDCLI.app/Contents/Resources/gcc/gcc-arm-none-eabi-6-2017-q2-update/bin/../lib/gcc/arm-none-eabi/6.3.1/../../../../arm-none-eabi/lib/thumb/v7-m/libc.a(lib_a-wctomb_r.o)
                0x0000000000004dcc                __ascii_wctomb
 .text.memmove  0x0000000000004de4       0xc8 /Applications/MBEDCLI.app/Contents/Resources/gcc/gcc-arm-none-eabi-6-2017-q2-update/bin/../lib/gcc/arm-none-eabi/6.3.1/../../../../arm-none-eabi/lib/thumb/v7-m/libc.a(lib_a-memmove.o)
                0x0000000000004de4                memmove
 .text.__ssprint_r
                0x0000000000004eac       0xfc /Applications/MBEDCLI.app/Contents/Resources/gcc/gcc-arm-none-eabi-6-2017-q2-update/bin/../lib/gcc/arm-none-eabi/6.3.1/../../../../arm-none-eabi/lib/thumb/v7-m/libc.a(lib_a-svfiprintf.o)
                0x0000000000004eac                __ssprint_r
 .text          0x0000000000004fa8       0x18 /Applications/MBEDCLI.app/Contents/Resources/gcc/gcc-arm-none-eabi-6-2017-q2-update/bin/../lib/gcc/arm-none-eabi/6.3.1/thumb/v7-m/libgcc.a(_lshrdi3.o)
                0x0000000000004fa8                __aeabi_llsr
                0x0000000000004fa8                __lshrdi3
 .text          0x0000000000004fc0       0x18 /Applications/MBEDCLI.app/Contents/Resources/gcc/gcc-arm-none-eabi-6-2017-q2-update/bin/../lib/gcc/arm-none-eabi/6.3.1/thumb/v7-m/libgcc.a(_ashldi3.o)
                0x0000000000004fc0                __ashldi3
                0x0000000000004fc0                __aeabi_llsl
 .text          0x0000000000004fd8      0x370 /Applications/MBEDCLI.app/Contents/Resources/gcc/gcc-arm-none-eabi-6-2017-q2-update/bin/../lib/gcc/arm-none-eabi/6.3.1/thumb/v7-m/libgcc.a(_arm_addsubdf3.o)
                0x0000000000004fd8                __aeabi_drsub
                0x0000000000004fe0                __subdf3
                0x0000000000004fe0                __aeabi_dsub
                0x0000000000004fe4                __aeabi_dadd
                0x0000000000004fe4                __adddf3
                0x000000000000525c                __aeabi_ui2d
                0x000000000000525c                __floatunsidf
                0x000000000000527c                __floatsidf
                0x000000000000527c                __aeabi_i2d
                0x00000000000052a0                __extendsfdf2
                0x00000000000052a0                __aeabi_f2d
                0x00000000000052dc                __aeabi_ul2d
                0x00000000000052dc                __floatundidf
                0x00000000000052ec                __aeabi_l2d
                0x00000000000052ec                __floatdidf
 .text          0x0000000000005348      0x424 /Applications/MBEDCLI.app/Contents/Resources/gcc/gcc-arm-none-eabi-6-2017-q2-update/bin/../lib/gcc/arm-none-eabi/6.3.1/thumb/v7-m/libgcc.a(_arm_muldivdf3.o)
                0x0000000000005348                __aeabi_dmul
                0x0000000000005348                __muldf3
                0x000000000000559c                __aeabi_ddiv
                0x000000000000559c                __divdf3
 .text          0x000000000000576c      0x110 /Applications/MBEDCLI.app/Contents/Resources/gcc/gcc-arm-none-eabi-6-2017-q2-update/bin/../lib/gcc/arm-none-eabi/6.3.1/thumb/v7-m/libgcc.a(_arm_cmpdf2.o)
                0x000000000000576c                __gtdf2
                0x000000000000576c                __gedf2
                0x0000000000005774                __ltdf2
                0x0000000000005774                __ledf2
                0x000000000000577c                __eqdf2
                0x000000000000577c                __nedf2
                0x000000000000577c                __cmpdf2
                0x00000000000057f8                __aeabi_cdrcmple
                0x0000000000005808                __aeabi_cdcmple
                0x0000000000005808                __aeabi_cdcmpeq
                0x0000000000005818                __aeabi_dcmpeq
                0x000000000000582c                __aeabi_dcmplt
                0x0000000000005840                __aeabi_dcmple
                0x0000000000005854                __aeabi_dcmpge
                0x0000000000005868                __aeabi_dcmpgt
 .text          0x000000000000587c       0x2c /Applications/MBEDCLI.app/Contents/Resources/gcc/gcc-arm-none-eabi-6-2017-q2-update/bin/../lib/gcc/arm-none-eabi/6.3.1/thumb/v7-m/libgcc.a(_arm_unorddf2.o)
                0x000000000000587c                __aeabi_dcmpun
                0x000000000000587c                __unorddf2
 .text          0x00000000000058a8       0x50 /Applications/MBEDCLI.app/Contents/Resources/gcc/gcc-arm-none-eabi-6-2017-q2-update/bin/../lib/gcc/arm-none-eabi/6.3.1/thumb/v7-m/libgcc.a(_arm_fixdfsi.o)
                0x00000000000058a8                __fixdfsi
                0x00000000000058a8                __aeabi_d2iz
 .text          0x00000000000058f8       0x30 /Applications/MBEDCLI.app/Contents/Resources/gcc/gcc-arm-none-eabi-6-2017-q2-update/bin/../lib/gcc/arm-none-eabi/6.3.1/thumb/v7-m/libgcc.a(_aeabi_uldivmod.o)
                0x00000000000058f8                __aeabi_uldivmod
 .text          0x0000000000005928      0x2dc /Applications/MBEDCLI.app/Contents/Resources/gcc/gcc-arm-none-eabi-6-2017-q2-update/bin/../lib/gcc/arm-none-eabi/6.3.1/thumb/v7-m/libgcc.a(_udivmoddi4.o)
                0x0000000000005928                __udivmoddi4
 .text          0x0000000000005c04        0x4 /Applications/MBEDCLI.app/Contents/Resources/gcc/gcc-arm-none-eabi-6-2017-q2-update/bin/../lib/gcc/arm-none-eabi/6.3.1/thumb/v7-m/libgcc.a(_dvmd_tls.o)
                0x0000000000005c04                __aeabi_ldiv0
                0x0000000000005c04                __aeabi_idiv0
 .text.__wrap__malloc_r
                0x0000000000005c08        0x4 ./mbed/a7c7b631e539/TARGET_LPC1768/TOOLCHAIN_GCC_ARM/libmbed.a(mbed_alloc_wrappers.o)
                0x0000000000005c08                __wrap__malloc_r
 .text.__wrap__realloc_r
                0x0000000000005c0c        0x4 ./mbed/a7c7b631e539/TARGET_LPC1768/TOOLCHAIN_GCC_ARM/libmbed.a(mbed_alloc_wrappers.o)
                0x0000000000005c0c                __wrap__realloc_r
 .text.__wrap__free_r
                0x0000000000005c10        0x4 ./mbed/a7c7b631e539/TARGET_LPC1768/TOOLCHAIN_GCC_ARM/libmbed.a(mbed_alloc_wrappers.o)
                0x0000000000005c10                __wrap__free_r
 .text.__wrap__calloc_r
                0x0000000000005c14        0x4 ./mbed/a7c7b631e539/TARGET_LPC1768/TOOLCHAIN_GCC_ARM/libmbed.a(mbed_alloc_wrappers.o)
                0x0000000000005c14                __wrap__calloc_r
 .text._calloc_r
                0x0000000000005c18       0x60 /Applications/MBEDCLI.app/Contents/Resources/gcc/gcc-arm-none-eabi-6-2017-q2-update/bin/../lib/gcc/arm-none-eabi/6.3.1/../../../../arm-none-eabi/lib/thumb/v7-m/libc.a(lib_a-callocr.o)
                0x0000000000005c18                _calloc_r
 .text._malloc_trim_r
                0x0000000000005c78       0xa0 /Applications/MBEDCLI.app/Contents/Resources/gcc/gcc-arm-none-eabi-6-2017-q2-update/bin/../lib/gcc/arm-none-eabi/6.3.1/../../../../arm-none-eabi/lib/thumb/v7-m/libc.a(lib_a-freer.o)
                0x0000000000005c78                _malloc_trim_r
 .text._free_r  0x0000000000005d18      0x1cc /Applications/MBEDCLI.app/Contents/Resources/gcc/gcc-arm-none-eabi-6-2017-q2-update/bin/../lib/gcc/arm-none-eabi/6.3.1/../../../../arm-none-eabi/lib/thumb/v7-m/libc.a(lib_a-freer.o)
                0x0000000000005d18                _free_r
 .text._malloc_r
                0x0000000000005ee4      0x544 /Applications/MBEDCLI.app/Contents/Resources/gcc/gcc-arm-none-eabi-6-2017-q2-update/bin/../lib/gcc/arm-none-eabi/6.3.1/../../../../arm-none-eabi/lib/thumb/v7-m/libc.a(lib_a-mallocr.o)
                0x0000000000005ee4                _malloc_r
 .text._realloc_r
                0x0000000000006428      0x36c /Applications/MBEDCLI.app/Contents/Resources/gcc/gcc-arm-none-eabi-6-2017-q2-update/bin/../lib/gcc/arm-none-eabi/6.3.1/../../../../arm-none-eabi/lib/thumb/v7-m/libc.a(lib_a-reallocr.o)
                0x0000000000006428                _realloc_r
 .text._sbrk_r  0x0000000000006794       0x24 /Applications/MBEDCLI.app/Contents/Resources/gcc/gcc-arm-none-eabi-6-2017-q2-update/bin/../lib/gcc/arm-none-eabi/6.3.1/../../../../arm-none-eabi/lib/thumb/v7-m/libc.a(lib_a-sbrkr.o)
                0x0000000000006794                _sbrk_r
 *(.init)
 .init          0x00000000000067b8        0x4 /Applications/MBEDCLI.app/Contents/Resources/gcc/gcc-arm-none-eabi-6-2017-q2-update/bin/../lib/gcc/arm-none-eabi/6.3.1/thumb/v7-m/crti.o
                0x00000000000067b8                _init
 .init          0x00000000000067bc        0x8 /Applications/MBEDCLI.app/Contents/Resources/gcc/gcc-arm-none-eabi-6-2017-q2-update/bin/../lib/gcc/arm-none-eabi/6.3.1/thumb/v7-m/crtn.o
 *(.fini)
 .fini          0x00000000000067c4        0x4 /Applications/MBEDCLI.app/Contents/Resources/gcc/gcc-arm-none-eabi-6-2017-q2-update/bin/../lib/gcc/arm-none-eabi/6.3.1/thumb/v7-m/crti.o
                0x00000000000067c4                _fini
 .fini          0x00000000000067c8        0x8 /Applications/MBEDCLI.app/Contents/Resources/gcc/gcc-arm-none-eabi-6-2017-q2-update/bin/../lib/gcc/arm-none-eabi/6.3.1/thumb/v7-m/crtn.o
 *crtbegin.o(.ctors)
 *crtbegin?.o(.ctors)
 *(EXCLUDE_FILE(*crtend.o *crtend?.o) .ctors)
 *(SORT(.ctors.*))
 *(.ctors)
 *crtbegin.o(.dtors)
 *crtbegin?.o(.dtors)
 *(EXCLUDE_FILE(*crtend.o *crtend?.o) .dtors)
 *(SORT(.dtors.*))
 *(.dtors)
 *(.rodata*)
 .rodata.gpio_dir.str1.1
                0x00000000000067d0       0x18 ./mbed/a7c7b631e539/TARGET_LPC1768/TOOLCHAIN_GCC_ARM/gpio_api.o
 .rodata.gpio_set.str1.1
                0x00000000000067e8       0x69 ./mbed/a7c7b631e539/TARGET_LPC1768/TOOLCHAIN_GCC_ARM/gpio_api.o
                                         0x7c (size before relaxing)
 .rodata.gpio_write.str1.1
                0x0000000000006851       0x7e ./mbed/a7c7b631e539/TARGET_LPC1768/TOOLCHAIN_GCC_ARM/mbed_board.o
                                         0x96 (size before relaxing)
 *fill*         0x00000000000068cf        0x1 
 .rodata._ZTV12DirectSerial
                0x00000000000068d0       0x50 ./mbed/a7c7b631e539/TARGET_LPC1768/TOOLCHAIN_GCC_ARM/mbed_retarget.o
                0x00000000000068d0                vtable for DirectSerial
 .rodata.__cxa_guard_acquire.str1.1
                0x0000000000006920       0x7d ./mbed/a7c7b631e539/TARGET_LPC1768/TOOLCHAIN_GCC_ARM/mbed_retarget.o
 .rodata.__cxa_guard_release.str1.1
                0x000000000000699d       0x3f ./mbed/a7c7b631e539/TARGET_LPC1768/TOOLCHAIN_GCC_ARM/mbed_retarget.o
 .rodata.pin_function.str1.1
                0x00000000000069dc       0x67 ./mbed/a7c7b631e539/TARGET_LPC1768/TOOLCHAIN_GCC_ARM/pinmap.o
                                         0x7a (size before relaxing)
 .rodata.CSWTCH.27
                0x0000000000006a43        0x4 ./mbed/a7c7b631e539/TARGET_LPC1768/TOOLCHAIN_GCC_ARM/serial_api.o
 *fill*         0x0000000000006a47        0x1 
 .rodata.PinMap_UART_CTS
                0x0000000000006a48       0x24 ./mbed/a7c7b631e539/TARGET_LPC1768/TOOLCHAIN_GCC_ARM/serial_api.o
 .rodata.PinMap_UART_RTS
                0x0000000000006a6c       0x24 ./mbed/a7c7b631e539/TARGET_LPC1768/TOOLCHAIN_GCC_ARM/serial_api.o
 .rodata.PinMap_UART_RX
                0x0000000000006a90       0x6c ./mbed/a7c7b631e539/TARGET_LPC1768/TOOLCHAIN_GCC_ARM/serial_api.o
 .rodata.PinMap_UART_TX
                0x0000000000006afc       0x6c ./mbed/a7c7b631e539/TARGET_LPC1768/TOOLCHAIN_GCC_ARM/serial_api.o
 .rodata.serial_baud.str1.1
                0x0000000000006b68       0x84 ./mbed/a7c7b631e539/TARGET_LPC1768/TOOLCHAIN_GCC_ARM/serial_api.o
 .rodata.serial_format.str1.1
                0x0000000000006bec       0xcc ./mbed/a7c7b631e539/TARGET_LPC1768/TOOLCHAIN_GCC_ARM/serial_api.o
 .rodata.serial_init.str1.1
                0x0000000000006cb8       0x10 ./mbed/a7c7b631e539/TARGET_LPC1768/TOOLCHAIN_GCC_ARM/serial_api.o
 .rodata.info.5376
                0x0000000000006cc8        0x8 ./mbed/a7c7b631e539/TARGET_LPC1768/TOOLCHAIN_GCC_ARM/us_ticker.o
 .rodata.gpio_write.str1.1
                0x0000000000006cd0       0x96 ./mbed/a7c7b631e539/TARGET_LPC1768/TOOLCHAIN_GCC_ARM/libmbed.a(mbed_gpio.o)
 .rodata.us_data
                0x0000000000006cd0        0x8 ./mbed/a7c7b631e539/TARGET_LPC1768/TOOLCHAIN_GCC_ARM/libmbed.a(mbed_us_ticker_api.o)
 .rodata.us_interface
                0x0000000000006cd8       0x1c ./mbed/a7c7b631e539/TARGET_LPC1768/TOOLCHAIN_GCC_ARM/libmbed.a(mbed_us_ticker_api.o)
 .rodata.pinmap_merge.str1.1
                0x0000000000006cf4       0x11 ./mbed/a7c7b631e539/TARGET_LPC1768/TOOLCHAIN_GCC_ARM/libmbed.a(mbed_pinmap_common.o)
 .rodata.pinmap_peripheral.str1.1
                0x0000000000006d05       0x20 ./mbed/a7c7b631e539/TARGET_LPC1768/TOOLCHAIN_GCC_ARM/libmbed.a(mbed_pinmap_common.o)
 .rodata.pinmap_pinout.str1.1
                0x0000000000006d25       0x11 ./mbed/a7c7b631e539/TARGET_LPC1768/TOOLCHAIN_GCC_ARM/libmbed.a(mbed_pinmap_common.o)
 .rodata.mbed_assert_internal.str1.1
                0x0000000000006d36       0x31 ./mbed/a7c7b631e539/TARGET_LPC1768/TOOLCHAIN_GCC_ARM/libmbed.a(mbed_assert.o)
 .rodata.core_util_critical_section_enter.str1.1
                0x0000000000006d67       0x86 ./mbed/a7c7b631e539/TARGET_LPC1768/TOOLCHAIN_GCC_ARM/libmbed.a(mbed_critical.o)
 .rodata.initialize.part.2.str1.1
                0x0000000000006ded       0x54 ./mbed/a7c7b631e539/TARGET_LPC1768/TOOLCHAIN_GCC_ARM/libmbed.a(mbed_ticker_api.o)
 .rodata.print_error_report.constprop.1.str1.1
                0x0000000000006e41      0x17a ./mbed/a7c7b631e539/TARGET_LPC1768/TOOLCHAIN_GCC_ARM/libmbed.a(mbed_error.o)
 .rodata.hal_critical_section_exit.str1.1
                0x0000000000006fbb       0x76 ./mbed/a7c7b631e539/TARGET_LPC1768/TOOLCHAIN_GCC_ARM/libmbed.a(mbed_critical_section_api.o)
 *fill*         0x0000000000007031        0x3 
 .rodata._global_impure_ptr
                0x0000000000007034        0x4 /Applications/MBEDCLI.app/Contents/Resources/gcc/gcc-arm-none-eabi-6-2017-q2-update/bin/../lib/gcc/arm-none-eabi/6.3.1/../../../../arm-none-eabi/lib/thumb/v7-m/libc.a(lib_a-impure.o)
                0x0000000000007034                _global_impure_ptr
 .rodata._dtoa_r.str1.4
                0x0000000000007038       0x12 /Applications/MBEDCLI.app/Contents/Resources/gcc/gcc-arm-none-eabi-6-2017-q2-update/bin/../lib/gcc/arm-none-eabi/6.3.1/../../../../arm-none-eabi/lib/thumb/v7-m/libc.a(lib_a-dtoa.o)
 *fill*         0x000000000000704a        0x2 
 .rodata._setlocale_r.str1.4
                0x000000000000704c        0xa /Applications/MBEDCLI.app/Contents/Resources/gcc/gcc-arm-none-eabi-6-2017-q2-update/bin/../lib/gcc/arm-none-eabi/6.3.1/../../../../arm-none-eabi/lib/thumb/v7-m/libc.a(lib_a-locale.o)
                                          0xd (size before relaxing)
 *fill*         0x0000000000007056        0x2 
 .rodata.str1.4
                0x0000000000007058        0x2 /Applications/MBEDCLI.app/Contents/Resources/gcc/gcc-arm-none-eabi-6-2017-q2-update/bin/../lib/gcc/arm-none-eabi/6.3.1/../../../../arm-none-eabi/lib/thumb/v7-m/libc.a(lib_a-locale.o)
 *fill*         0x000000000000705a        0x6 
 .rodata.__mprec_bigtens
                0x0000000000007060       0x28 /Applications/MBEDCLI.app/Contents/Resources/gcc/gcc-arm-none-eabi-6-2017-q2-update/bin/../lib/gcc/arm-none-eabi/6.3.1/../../../../arm-none-eabi/lib/thumb/v7-m/libc.a(lib_a-mprec.o)
                0x0000000000007060                __mprec_bigtens
 .rodata.__mprec_tens
                0x0000000000007088       0xc8 /Applications/MBEDCLI.app/Contents/Resources/gcc/gcc-arm-none-eabi-6-2017-q2-update/bin/../lib/gcc/arm-none-eabi/6.3.1/../../../../arm-none-eabi/lib/thumb/v7-m/libc.a(lib_a-mprec.o)
                0x0000000000007088                __mprec_tens
 .rodata.p05.6055
                0x0000000000007150        0xc /Applications/MBEDCLI.app/Contents/Resources/gcc/gcc-arm-none-eabi-6-2017-q2-update/bin/../lib/gcc/arm-none-eabi/6.3.1/../../../../arm-none-eabi/lib/thumb/v7-m/libc.a(lib_a-mprec.o)
 .rodata._svfprintf_r.str1.4
                0x000000000000715c       0x40 /Applications/MBEDCLI.app/Contents/Resources/gcc/gcc-arm-none-eabi-6-2017-q2-update/bin/../lib/gcc/arm-none-eabi/6.3.1/../../../../arm-none-eabi/lib/thumb/v7-m/libc.a(lib_a-svfprintf.o)
                                         0x42 (size before relaxing)
 .rodata.blanks.7223
                0x000000000000719c       0x10 /Applications/MBEDCLI.app/Contents/Resources/gcc/gcc-arm-none-eabi-6-2017-q2-update/bin/../lib/gcc/arm-none-eabi/6.3.1/../../../../arm-none-eabi/lib/thumb/v7-m/libc.a(lib_a-svfprintf.o)
 .rodata.zeroes.7224
                0x00000000000071ac       0x10 /Applications/MBEDCLI.app/Contents/Resources/gcc/gcc-arm-none-eabi-6-2017-q2-update/bin/../lib/gcc/arm-none-eabi/6.3.1/../../../../arm-none-eabi/lib/thumb/v7-m/libc.a(lib_a-svfprintf.o)
 .rodata._ctype_
                0x00000000000071bc      0x101 /Applications/MBEDCLI.app/Contents/Resources/gcc/gcc-arm-none-eabi-6-2017-q2-update/bin/../lib/gcc/arm-none-eabi/6.3.1/../../../../arm-none-eabi/lib/thumb/v7-m/libc.a(lib_a-ctype_.o)
                0x00000000000071bc                _ctype_
 *(.eh_frame*)
 *fill*         0x00000000000072bd        0x3 
 .eh_frame      0x00000000000072c0        0x0 /Applications/MBEDCLI.app/Contents/Resources/gcc/gcc-arm-none-eabi-6-2017-q2-update/bin/../lib/gcc/arm-none-eabi/6.3.1/thumb/v7-m/crtbegin.o
 .eh_frame      0x00000000000072c0        0x4 /Applications/MBEDCLI.app/Contents/Resources/gcc/gcc-arm-none-eabi-6-2017-q2-update/bin/../lib/gcc/arm-none-eabi/6.3.1/thumb/v7-m/crtend.o

.glue_7         0x00000000000072c4        0x0
 .glue_7        0x00000000000072c4        0x0 linker stubs

.glue_7t        0x00000000000072c4        0x0
 .glue_7t       0x00000000000072c4        0x0 linker stubs

.vfp11_veneer   0x00000000000072c4        0x0
 .vfp11_veneer  0x00000000000072c4        0x0 linker stubs

.v4_bx          0x00000000000072c4        0x0
 .v4_bx         0x00000000000072c4        0x0 linker stubs

.iplt           0x00000000000072c4        0x0
 .iplt          0x00000000000072c4        0x0 /Applications/MBEDCLI.app/Contents/Resources/gcc/gcc-arm-none-eabi-6-2017-q2-update/bin/../lib/gcc/arm-none-eabi/6.3.1/thumb/v7-m/crtbegin.o

.ARM.extab
 *(.ARM.extab* .gnu.linkonce.armextab.*)
                0x00000000000072c4                __exidx_start = .

.ARM.exidx      0x00000000000072c4        0x8
 *(.ARM.exidx* .gnu.linkonce.armexidx.*)
 .ARM.exidx     0x00000000000072c4        0x8 /Applications/MBEDCLI.app/Contents/Resources/gcc/gcc-arm-none-eabi-6-2017-q2-update/bin/../lib/gcc/arm-none-eabi/6.3.1/../../../../arm-none-eabi/lib/thumb/v7-m/crt0.o
 .ARM.exidx     0x00000000000072cc        0x0 /Applications/MBEDCLI.app/Contents/Resources/gcc/gcc-arm-none-eabi-6-2017-q2-update/bin/../lib/gcc/arm-none-eabi/6.3.1/thumb/v7-m/libgcc.a(_udivmoddi4.o)
                                          0x8 (size before relaxing)
                0x00000000000072cc                __exidx_end = .
                0x00000000000072cc                __etext = .

.rel.dyn        0x00000000000072cc        0x0
 .rel.iplt      0x00000000000072cc        0x0 /Applications/MBEDCLI.app/Contents/Resources/gcc/gcc-arm-none-eabi-6-2017-q2-update/bin/../lib/gcc/arm-none-eabi/6.3.1/thumb/v7-m/crtbegin.o

.data           0x00000000100000c8      0xac4 load address 0x00000000000072cc
                0x00000000100000c8                __data_start__ = .
                0x00000000100000c8                Image$$RW_IRAM1$$Base = .
 *(vtable)
 *(.data*)
 .data          0x00000000100000c8        0x4 /Applications/MBEDCLI.app/Contents/Resources/gcc/gcc-arm-none-eabi-6-2017-q2-update/bin/../lib/gcc/arm-none-eabi/6.3.1/thumb/v7-m/crtbegin.o
                0x00000000100000c8                __dso_handle
 .data._ZL11filehandles
                0x00000000100000cc      0x100 ./mbed/a7c7b631e539/TARGET_LPC1768/TOOLCHAIN_GCC_ARM/mbed_retarget.o
 .data._ZZ5_sbrkE4heap
                0x00000000100001cc        0x4 ./mbed/a7c7b631e539/TARGET_LPC1768/TOOLCHAIN_GCC_ARM/mbed_retarget.o
 .data.SystemCoreClock
                0x00000000100001d0        0x4 ./mbed/a7c7b631e539/TARGET_LPC1768/TOOLCHAIN_GCC_ARM/system_LPC17xx.o
                0x00000000100001d0                SystemCoreClock
 .data.irq_handler
                0x00000000100001d4        0x4 ./mbed/a7c7b631e539/TARGET_LPC1768/TOOLCHAIN_GCC_ARM/libmbed.a(mbed_us_ticker_api.o)
 .data.error_log_count
                0x00000000100001d8        0x4 ./mbed/a7c7b631e539/TARGET_LPC1768/TOOLCHAIN_GCC_ARM/libmbed.a(mbed_error_hist.o)
 .data._impure_ptr
                0x00000000100001dc        0x4 /Applications/MBEDCLI.app/Contents/Resources/gcc/gcc-arm-none-eabi-6-2017-q2-update/bin/../lib/gcc/arm-none-eabi/6.3.1/../../../../arm-none-eabi/lib/thumb/v7-m/libc.a(lib_a-impure.o)
                0x00000000100001dc                _impure_ptr
 .data.impure_data
                0x00000000100001e0      0x428 /Applications/MBEDCLI.app/Contents/Resources/gcc/gcc-arm-none-eabi-6-2017-q2-update/bin/../lib/gcc/arm-none-eabi/6.3.1/../../../../arm-none-eabi/lib/thumb/v7-m/libc.a(lib_a-impure.o)
 .data.__global_locale
                0x0000000010000608      0x16c /Applications/MBEDCLI.app/Contents/Resources/gcc/gcc-arm-none-eabi-6-2017-q2-update/bin/../lib/gcc/arm-none-eabi/6.3.1/../../../../arm-none-eabi/lib/thumb/v7-m/libc.a(lib_a-locale.o)
                0x0000000010000608                __global_locale
 .data.__malloc_av_
                0x0000000010000774      0x408 /Applications/MBEDCLI.app/Contents/Resources/gcc/gcc-arm-none-eabi-6-2017-q2-update/bin/../lib/gcc/arm-none-eabi/6.3.1/../../../../arm-none-eabi/lib/thumb/v7-m/libc.a(lib_a-mallocr.o)
                0x0000000010000774                __malloc_av_
 .data.__malloc_sbrk_base
                0x0000000010000b7c        0x4 /Applications/MBEDCLI.app/Contents/Resources/gcc/gcc-arm-none-eabi-6-2017-q2-update/bin/../lib/gcc/arm-none-eabi/6.3.1/../../../../arm-none-eabi/lib/thumb/v7-m/libc.a(lib_a-mallocr.o)
                0x0000000010000b7c                __malloc_sbrk_base
 .data.__malloc_trim_threshold
                0x0000000010000b80        0x4 /Applications/MBEDCLI.app/Contents/Resources/gcc/gcc-arm-none-eabi-6-2017-q2-update/bin/../lib/gcc/arm-none-eabi/6.3.1/../../../../arm-none-eabi/lib/thumb/v7-m/libc.a(lib_a-mallocr.o)
                0x0000000010000b80                __malloc_trim_threshold
                0x0000000010000b84                . = ALIGN (0x4)
                0x0000000010000b84                PROVIDE (__preinit_array_start, .)
 *(.preinit_array)
                0x0000000010000b84                PROVIDE (__preinit_array_end, .)
                0x0000000010000b84                . = ALIGN (0x4)
                0x0000000010000b84                PROVIDE (__init_array_start, .)
 *(SORT(.init_array.*))
 *(.init_array)
 .init_array    0x0000000010000b84        0x4 /Applications/MBEDCLI.app/Contents/Resources/gcc/gcc-arm-none-eabi-6-2017-q2-update/bin/../lib/gcc/arm-none-eabi/6.3.1/thumb/v7-m/crtbegin.o
                0x0000000010000b88                PROVIDE (__init_array_end, .)
                0x0000000010000b88                . = ALIGN (0x4)
                [!provide]                        PROVIDE (__fini_array_start, .)
 *(SORT(.fini_array.*))
 *(.fini_array)
 .fini_array    0x0000000010000b88        0x4 /Applications/MBEDCLI.app/Contents/Resources/gcc/gcc-arm-none-eabi-6-2017-q2-update/bin/../lib/gcc/arm-none-eabi/6.3.1/thumb/v7-m/crtbegin.o
                [!provide]                        PROVIDE (__fini_array_end, .)
                0x0000000010000b8c                . = ALIGN (0x4)
                0x0000000010000b8c                __data_end__ = .

.jcr            0x0000000010000b8c        0x0 load address 0x0000000000007d90
 .jcr           0x0000000010000b8c        0x0 /Applications/MBEDCLI.app/Contents/Resources/gcc/gcc-arm-none-eabi-6-2017-q2-update/bin/../lib/gcc/arm-none-eabi/6.3.1/thumb/v7-m/crtbegin.o

.igot.plt       0x0000000010000b8c        0x0 load address 0x0000000000007d90
 .igot.plt      0x0000000010000b8c        0x0 /Applications/MBEDCLI.app/Contents/Resources/gcc/gcc-arm-none-eabi-6-2017-q2-update/bin/../lib/gcc/arm-none-eabi/6.3.1/thumb/v7-m/crtbegin.o

.bss            0x0000000010000b90      0x290 load address 0x0000000000007d98
                0x0000000010000b90                __bss_start__ = .
 *(.bss*)
 .bss           0x0000000010000b90       0x1c /Applications/MBEDCLI.app/Contents/Resources/gcc/gcc-arm-none-eabi-6-2017-q2-update/bin/../lib/gcc/arm-none-eabi/6.3.1/thumb/v7-m/crtbegin.o
 .bss._ZGVZL15default_consolevE7console
                0x0000000010000bac        0x4 ./mbed/a7c7b631e539/TARGET_LPC1768/TOOLCHAIN_GCC_ARM/mbed_retarget.o
 .bss._ZZL15default_consolevE7console
                0x0000000010000bb0        0x4 ./mbed/a7c7b631e539/TARGET_LPC1768/TOOLCHAIN_GCC_ARM/mbed_retarget.o
 .bss.mbed_heap_size
                0x0000000010000bb4        0x4 ./mbed/a7c7b631e539/TARGET_LPC1768/TOOLCHAIN_GCC_ARM/mbed_retarget.o
                0x0000000010000bb4                mbed_heap_size
 .bss.mbed_heap_start
                0x0000000010000bb8        0x4 ./mbed/a7c7b631e539/TARGET_LPC1768/TOOLCHAIN_GCC_ARM/mbed_retarget.o
                0x0000000010000bb8                mbed_heap_start
 .bss.irq_handler
                0x0000000010000bbc        0x4 ./mbed/a7c7b631e539/TARGET_LPC1768/TOOLCHAIN_GCC_ARM/serial_api.o
 .bss.stdio_uart_inited
                0x0000000010000bc0        0x4 ./mbed/a7c7b631e539/TARGET_LPC1768/TOOLCHAIN_GCC_ARM/serial_api.o
                0x0000000010000bc0                stdio_uart_inited
 .bss.uart_data
                0x0000000010000bc4       0xe0 ./mbed/a7c7b631e539/TARGET_LPC1768/TOOLCHAIN_GCC_ARM/serial_api.o
 .bss.us_ticker_inited
                0x0000000010000ca4        0x1 ./mbed/a7c7b631e539/TARGET_LPC1768/TOOLCHAIN_GCC_ARM/us_ticker.o
 *fill*         0x0000000010000ca5        0x3 
 .bss.events    0x0000000010000ca8       0x40 ./mbed/a7c7b631e539/TARGET_LPC1768/TOOLCHAIN_GCC_ARM/libmbed.a(mbed_us_ticker_api.o)
 .bss.critical_section_reentrancy_counter
                0x0000000010000ce8        0x4 ./mbed/a7c7b631e539/TARGET_LPC1768/TOOLCHAIN_GCC_ARM/libmbed.a(mbed_critical.o)
 .bss.error_count
                0x0000000010000cec        0x4 ./mbed/a7c7b631e539/TARGET_LPC1768/TOOLCHAIN_GCC_ARM/libmbed.a(mbed_error.o)
 .bss.error_hook
                0x0000000010000cf0        0x4 ./mbed/a7c7b631e539/TARGET_LPC1768/TOOLCHAIN_GCC_ARM/libmbed.a(mbed_error.o)
 .bss.error_in_progress
                0x0000000010000cf4        0x1 ./mbed/a7c7b631e539/TARGET_LPC1768/TOOLCHAIN_GCC_ARM/libmbed.a(mbed_error.o)
 *fill*         0x0000000010000cf5        0x3 
 .bss.first_error_ctx
                0x0000000010000cf8       0x20 ./mbed/a7c7b631e539/TARGET_LPC1768/TOOLCHAIN_GCC_ARM/libmbed.a(mbed_error.o)
 .bss.last_error_ctx
                0x0000000010000d18       0x20 ./mbed/a7c7b631e539/TARGET_LPC1768/TOOLCHAIN_GCC_ARM/libmbed.a(mbed_error.o)
 .bss.critical_interrupts_enabled
                0x0000000010000d38        0x1 ./mbed/a7c7b631e539/TARGET_LPC1768/TOOLCHAIN_GCC_ARM/libmbed.a(mbed_critical_section_api.o)
 .bss.state_saved
                0x0000000010000d39        0x1 ./mbed/a7c7b631e539/TARGET_LPC1768/TOOLCHAIN_GCC_ARM/libmbed.a(mbed_critical_section_api.o)
 *fill*         0x0000000010000d3a        0x2 
 .bss.mbed_error_ctx_log
                0x0000000010000d3c       0x80 ./mbed/a7c7b631e539/TARGET_LPC1768/TOOLCHAIN_GCC_ARM/libmbed.a(mbed_error_hist.o)
 .bss.__malloc_current_mallinfo
                0x0000000010000dbc       0x28 /Applications/MBEDCLI.app/Contents/Resources/gcc/gcc-arm-none-eabi-6-2017-q2-update/bin/../lib/gcc/arm-none-eabi/6.3.1/../../../../arm-none-eabi/lib/thumb/v7-m/libc.a(lib_a-mallocr.o)
                0x0000000010000dbc                __malloc_current_mallinfo
 .bss.__malloc_max_sbrked_mem
                0x0000000010000de4        0x4 /Applications/MBEDCLI.app/Contents/Resources/gcc/gcc-arm-none-eabi-6-2017-q2-update/bin/../lib/gcc/arm-none-eabi/6.3.1/../../../../arm-none-eabi/lib/thumb/v7-m/libc.a(lib_a-mallocr.o)
                0x0000000010000de4                __malloc_max_sbrked_mem
 .bss.__malloc_max_total_mem
                0x0000000010000de8        0x4 /Applications/MBEDCLI.app/Contents/Resources/gcc/gcc-arm-none-eabi-6-2017-q2-update/bin/../lib/gcc/arm-none-eabi/6.3.1/../../../../arm-none-eabi/lib/thumb/v7-m/libc.a(lib_a-mallocr.o)
                0x0000000010000de8                __malloc_max_total_mem
 .bss.__malloc_top_pad
                0x0000000010000dec        0x4 /Applications/MBEDCLI.app/Contents/Resources/gcc/gcc-arm-none-eabi-6-2017-q2-update/bin/../lib/gcc/arm-none-eabi/6.3.1/../../../../arm-none-eabi/lib/thumb/v7-m/libc.a(lib_a-mallocr.o)
                0x0000000010000dec                __malloc_top_pad
 *(COMMON)
 COMMON         0x0000000010000df0        0x8 ./mbed/a7c7b631e539/TARGET_LPC1768/TOOLCHAIN_GCC_ARM/serial_api.o
                0x0000000010000df0                stdio_uart
 COMMON         0x0000000010000df8       0x21 /Applications/MBEDCLI.app/Contents/Resources/gcc/gcc-arm-none-eabi-6-2017-q2-update/bin/../lib/gcc/arm-none-eabi/6.3.1/../../../../arm-none-eabi/lib/thumb/v7-m/libc.a(lib_a-lock.o)
                0x0000000010000df8                __lock___atexit_recursive_mutex
                0x0000000010000dfc                __lock___arc4random_mutex
                0x0000000010000e00                __lock___env_recursive_mutex
                0x0000000010000e04                __lock___sinit_recursive_mutex
                0x0000000010000e08                __lock___malloc_recursive_mutex
                0x0000000010000e0c                __lock___at_quick_exit_mutex
                0x0000000010000e10                __lock___dd_hash_mutex
                0x0000000010000e14                __lock___tz_mutex
                0x0000000010000e18                __lock___sfp_recursive_mutex
 *fill*         0x0000000010000e19        0x3 
 COMMON         0x0000000010000e1c        0x4 /Applications/MBEDCLI.app/Contents/Resources/gcc/gcc-arm-none-eabi-6-2017-q2-update/bin/../lib/gcc/arm-none-eabi/6.3.1/../../../../arm-none-eabi/lib/thumb/v7-m/libc.a(lib_a-reent.o)
                0x0000000010000e1c                errno
                0x0000000010000e20                __bss_end__ = .
                0x0000000010000e20                Image$$RW_IRAM1$$ZI$$Limit = .

.heap           0x0000000010000e20      0x800
                0x0000000010000e20                __end__ = .
                0x0000000010000e20                end = __end__
 *(.heap*)
 .heap          0x0000000010000e20      0x800 ./mbed/a7c7b631e539/TARGET_LPC1768/TOOLCHAIN_GCC_ARM/startup_LPC17xx.o
                0x0000000010000e20                __HeapBase
                0x0000000010001620                __HeapLimit = .

.stack_dummy    0x0000000010000e20      0xc00
 *(.stack)
 .stack         0x0000000010000e20      0xc00 ./mbed/a7c7b631e539/TARGET_LPC1768/TOOLCHAIN_GCC_ARM/startup_LPC17xx.o
                0x0000000010007fe0                __StackTop = (ORIGIN (RAM) + LENGTH (RAM))
                0x00000000100073e0                __StackLimit = (__StackTop - SIZEOF (.stack_dummy))
                0x0000000010007fe0                PROVIDE (__stack, __StackTop)
                0x0000000000000001                ASSERT ((__StackLimit >= __HeapLimit), region RAM overflowed with stack)

.AHBSRAM0       0x000000002007c000        0x0
                0x000000002007c000                Image$$RW_IRAM2$$Base = .
 *(AHBSRAM0)
                0x000000002007c000                Image$$RW_IRAM2$$ZI$$Limit = .

.AHBSRAM1       0x0000000020080000        0x0
                0x0000000020080000                Image$$RW_IRAM3$$Base = .
 *(AHBSRAM1)
                0x0000000020080000                Image$$RW_IRAM3$$ZI$$Limit = .
OUTPUT(./BUILD/LPC1768/GCC_ARM/VSG.elf elf32-littlearm)

.ARM.attributes
                0x0000000000000000       0x29
 .ARM.attributes
                0x0000000000000000       0x1d /Applications/MBEDCLI.app/Contents/Resources/gcc/gcc-arm-none-eabi-6-2017-q2-update/bin/../lib/gcc/arm-none-eabi/6.3.1/thumb/v7-m/crti.o
 .ARM.attributes
                0x000000000000001d       0x2d /Applications/MBEDCLI.app/Contents/Resources/gcc/gcc-arm-none-eabi-6-2017-q2-update/bin/../lib/gcc/arm-none-eabi/6.3.1/thumb/v7-m/crtbegin.o
 .ARM.attributes
                0x000000000000004a       0x1b /Applications/MBEDCLI.app/Contents/Resources/gcc/gcc-arm-none-eabi-6-2017-q2-update/bin/../lib/gcc/arm-none-eabi/6.3.1/../../../../arm-none-eabi/lib/thumb/v7-m/crt0.o
 .ARM.attributes
                0x0000000000000065       0x33 ./BUILD/LPC1768/GCC_ARM/./main.o
 .ARM.attributes
                0x0000000000000098       0x33 ./mbed/a7c7b631e539/TARGET_LPC1768/TOOLCHAIN_GCC_ARM/CRP.o
 .ARM.attributes
                0x00000000000000cb       0x33 ./mbed/a7c7b631e539/TARGET_LPC1768/TOOLCHAIN_GCC_ARM/gpio_api.o
 .ARM.attributes
                0x00000000000000fe       0x33 ./mbed/a7c7b631e539/TARGET_LPC1768/TOOLCHAIN_GCC_ARM/mbed_board.o
 .ARM.attributes
                0x0000000000000131       0x33 ./mbed/a7c7b631e539/TARGET_LPC1768/TOOLCHAIN_GCC_ARM/mbed_retarget.o
 .ARM.attributes
                0x0000000000000164       0x33 ./mbed/a7c7b631e539/TARGET_LPC1768/TOOLCHAIN_GCC_ARM/mbed_sdk_boot.o
 .ARM.attributes
                0x0000000000000197       0x33 ./mbed/a7c7b631e539/TARGET_LPC1768/TOOLCHAIN_GCC_ARM/pinmap.o
 .ARM.attributes
                0x00000000000001ca       0x33 ./mbed/a7c7b631e539/TARGET_LPC1768/TOOLCHAIN_GCC_ARM/serial_api.o
 .ARM.attributes
                0x00000000000001fd       0x1b ./mbed/a7c7b631e539/TARGET_LPC1768/TOOLCHAIN_GCC_ARM/startup_LPC17xx.o
 .ARM.attributes
                0x0000000000000218       0x33 ./mbed/a7c7b631e539/TARGET_LPC1768/TOOLCHAIN_GCC_ARM/system_LPC17xx.o
 .ARM.attributes
                0x000000000000024b       0x33 ./mbed/a7c7b631e539/TARGET_LPC1768/TOOLCHAIN_GCC_ARM/us_ticker.o
 .ARM.attributes
                0x000000000000027e       0x33 ./mbed/a7c7b631e539/TARGET_LPC1768/TOOLCHAIN_GCC_ARM/libmbed.a(mbed_gpio.o)
 .ARM.attributes
                0x00000000000002b1       0x33 ./mbed/a7c7b631e539/TARGET_LPC1768/TOOLCHAIN_GCC_ARM/libmbed.a(mbed_us_ticker_api.o)
 .ARM.attributes
                0x00000000000002e4       0x33 ./mbed/a7c7b631e539/TARGET_LPC1768/TOOLCHAIN_GCC_ARM/libmbed.a(mbed_pinmap_common.o)
 .ARM.attributes
                0x0000000000000317       0x33 ./mbed/a7c7b631e539/TARGET_LPC1768/TOOLCHAIN_GCC_ARM/libmbed.a(mbed_assert.o)
 .ARM.attributes
                0x000000000000034a       0x33 ./mbed/a7c7b631e539/TARGET_LPC1768/TOOLCHAIN_GCC_ARM/libmbed.a(mbed_critical.o)
 .ARM.attributes
                0x000000000000037d       0x33 ./mbed/a7c7b631e539/TARGET_LPC1768/TOOLCHAIN_GCC_ARM/libmbed.a(mbed_ticker_api.o)
 .ARM.attributes
                0x00000000000003b0       0x33 ./mbed/a7c7b631e539/TARGET_LPC1768/TOOLCHAIN_GCC_ARM/libmbed.a(mbed_error.o)
 .ARM.attributes
                0x00000000000003e3       0x33 ./mbed/a7c7b631e539/TARGET_LPC1768/TOOLCHAIN_GCC_ARM/libmbed.a(mbed_wait_api_no_rtos.o)
 .ARM.attributes
                0x0000000000000416       0x33 ./mbed/a7c7b631e539/TARGET_LPC1768/TOOLCHAIN_GCC_ARM/libmbed.a(mbed_interface.o)
 .ARM.attributes
                0x0000000000000449       0x33 ./mbed/a7c7b631e539/TARGET_LPC1768/TOOLCHAIN_GCC_ARM/libmbed.a(mbed_semihost_api.o)
 .ARM.attributes
                0x000000000000047c       0x33 ./mbed/a7c7b631e539/TARGET_LPC1768/TOOLCHAIN_GCC_ARM/libmbed.a(mbed_critical_section_api.o)
 .ARM.attributes
                0x00000000000004af       0x33 ./mbed/a7c7b631e539/TARGET_LPC1768/TOOLCHAIN_GCC_ARM/libmbed.a(mbed_error_hist.o)
 .ARM.attributes
                0x00000000000004e2       0x2d /Applications/MBEDCLI.app/Contents/Resources/gcc/gcc-arm-none-eabi-6-2017-q2-update/bin/../lib/gcc/arm-none-eabi/6.3.1/../../../../arm-none-eabi/lib/thumb/v7-m/libc.a(lib_a-abs.o)
 .ARM.attributes
                0x000000000000050f       0x2d /Applications/MBEDCLI.app/Contents/Resources/gcc/gcc-arm-none-eabi-6-2017-q2-update/bin/../lib/gcc/arm-none-eabi/6.3.1/../../../../arm-none-eabi/lib/thumb/v7-m/libc.a(lib_a-errno.o)
 .ARM.attributes
                0x000000000000053c       0x2d /Applications/MBEDCLI.app/Contents/Resources/gcc/gcc-arm-none-eabi-6-2017-q2-update/bin/../lib/gcc/arm-none-eabi/6.3.1/../../../../arm-none-eabi/lib/thumb/v7-m/libc.a(lib_a-fclose.o)
 .ARM.attributes
                0x0000000000000569       0x2d /Applications/MBEDCLI.app/Contents/Resources/gcc/gcc-arm-none-eabi-6-2017-q2-update/bin/../lib/gcc/arm-none-eabi/6.3.1/../../../../arm-none-eabi/lib/thumb/v7-m/libc.a(lib_a-fflush.o)
 .ARM.attributes
                0x0000000000000596       0x2d /Applications/MBEDCLI.app/Contents/Resources/gcc/gcc-arm-none-eabi-6-2017-q2-update/bin/../lib/gcc/arm-none-eabi/6.3.1/../../../../arm-none-eabi/lib/thumb/v7-m/libc.a(lib_a-findfp.o)
 .ARM.attributes
                0x00000000000005c3       0x2d /Applications/MBEDCLI.app/Contents/Resources/gcc/gcc-arm-none-eabi-6-2017-q2-update/bin/../lib/gcc/arm-none-eabi/6.3.1/../../../../arm-none-eabi/lib/thumb/v7-m/libc.a(lib_a-fwalk.o)
 .ARM.attributes
                0x00000000000005f0       0x2d /Applications/MBEDCLI.app/Contents/Resources/gcc/gcc-arm-none-eabi-6-2017-q2-update/bin/../lib/gcc/arm-none-eabi/6.3.1/../../../../arm-none-eabi/lib/thumb/v7-m/libc.a(lib_a-impure.o)
 .ARM.attributes
                0x000000000000061d       0x2d /Applications/MBEDCLI.app/Contents/Resources/gcc/gcc-arm-none-eabi-6-2017-q2-update/bin/../lib/gcc/arm-none-eabi/6.3.1/../../../../arm-none-eabi/lib/thumb/v7-m/libc.a(lib_a-init.o)
 .ARM.attributes
                0x000000000000064a       0x2d /Applications/MBEDCLI.app/Contents/Resources/gcc/gcc-arm-none-eabi-6-2017-q2-update/bin/../lib/gcc/arm-none-eabi/6.3.1/../../../../arm-none-eabi/lib/thumb/v7-m/libc.a(lib_a-lock.o)
 .ARM.attributes
                0x0000000000000677       0x2d /Applications/MBEDCLI.app/Contents/Resources/gcc/gcc-arm-none-eabi-6-2017-q2-update/bin/../lib/gcc/arm-none-eabi/6.3.1/../../../../arm-none-eabi/lib/thumb/v7-m/libc.a(lib_a-malloc.o)
 .ARM.attributes
                0x00000000000006a4       0x2d /Applications/MBEDCLI.app/Contents/Resources/gcc/gcc-arm-none-eabi-6-2017-q2-update/bin/../lib/gcc/arm-none-eabi/6.3.1/../../../../arm-none-eabi/lib/thumb/v7-m/libc.a(lib_a-memchr-stub.o)
 .ARM.attributes
                0x00000000000006d1       0x1b /Applications/MBEDCLI.app/Contents/Resources/gcc/gcc-arm-none-eabi-6-2017-q2-update/bin/../lib/gcc/arm-none-eabi/6.3.1/../../../../arm-none-eabi/lib/thumb/v7-m/libc.a(lib_a-memcpy.o)
 .ARM.attributes
                0x00000000000006ec       0x2d /Applications/MBEDCLI.app/Contents/Resources/gcc/gcc-arm-none-eabi-6-2017-q2-update/bin/../lib/gcc/arm-none-eabi/6.3.1/../../../../arm-none-eabi/lib/thumb/v7-m/libc.a(lib_a-memset.o)
 .ARM.attributes
                0x0000000000000719       0x2d /Applications/MBEDCLI.app/Contents/Resources/gcc/gcc-arm-none-eabi-6-2017-q2-update/bin/../lib/gcc/arm-none-eabi/6.3.1/../../../../arm-none-eabi/lib/thumb/v7-m/libc.a(lib_a-reent.o)
 .ARM.attributes
                0x0000000000000746       0x2d /Applications/MBEDCLI.app/Contents/Resources/gcc/gcc-arm-none-eabi-6-2017-q2-update/bin/../lib/gcc/arm-none-eabi/6.3.1/../../../../arm-none-eabi/lib/thumb/v7-m/libc.a(lib_a-stdio.o)
 .ARM.attributes
                0x0000000000000773       0x2d /Applications/MBEDCLI.app/Contents/Resources/gcc/gcc-arm-none-eabi-6-2017-q2-update/bin/../lib/gcc/arm-none-eabi/6.3.1/../../../../arm-none-eabi/lib/thumb/v7-m/libc.a(lib_a-strlen-stub.o)
 .ARM.attributes
                0x00000000000007a0       0x2d /Applications/MBEDCLI.app/Contents/Resources/gcc/gcc-arm-none-eabi-6-2017-q2-update/bin/../lib/gcc/arm-none-eabi/6.3.1/../../../../arm-none-eabi/lib/thumb/v7-m/libc.a(lib_a-vsnprintf.o)
 .ARM.attributes
                0x00000000000007cd       0x2d /Applications/MBEDCLI.app/Contents/Resources/gcc/gcc-arm-none-eabi-6-2017-q2-update/bin/../lib/gcc/arm-none-eabi/6.3.1/../../../../arm-none-eabi/lib/thumb/v7-m/libc.a(lib_a-writer.o)
 .ARM.attributes
                0x00000000000007fa       0x2d /Applications/MBEDCLI.app/Contents/Resources/gcc/gcc-arm-none-eabi-6-2017-q2-update/bin/../lib/gcc/arm-none-eabi/6.3.1/../../../../arm-none-eabi/lib/thumb/v7-m/libc.a(lib_a-closer.o)
 .ARM.attributes
                0x0000000000000827       0x2d /Applications/MBEDCLI.app/Contents/Resources/gcc/gcc-arm-none-eabi-6-2017-q2-update/bin/../lib/gcc/arm-none-eabi/6.3.1/../../../../arm-none-eabi/lib/thumb/v7-m/libc.a(lib_a-dtoa.o)
 .ARM.attributes
                0x0000000000000854       0x2d /Applications/MBEDCLI.app/Contents/Resources/gcc/gcc-arm-none-eabi-6-2017-q2-update/bin/../lib/gcc/arm-none-eabi/6.3.1/../../../../arm-none-eabi/lib/thumb/v7-m/libc.a(lib_a-locale.o)
 .ARM.attributes
                0x0000000000000881       0x2d /Applications/MBEDCLI.app/Contents/Resources/gcc/gcc-arm-none-eabi-6-2017-q2-update/bin/../lib/gcc/arm-none-eabi/6.3.1/../../../../arm-none-eabi/lib/thumb/v7-m/libc.a(lib_a-localeconv.o)
 .ARM.attributes
                0x00000000000008ae       0x2d /Applications/MBEDCLI.app/Contents/Resources/gcc/gcc-arm-none-eabi-6-2017-q2-update/bin/../lib/gcc/arm-none-eabi/6.3.1/../../../../arm-none-eabi/lib/thumb/v7-m/libc.a(lib_a-lseekr.o)
 .ARM.attributes
                0x00000000000008db       0x2d /Applications/MBEDCLI.app/Contents/Resources/gcc/gcc-arm-none-eabi-6-2017-q2-update/bin/../lib/gcc/arm-none-eabi/6.3.1/../../../../arm-none-eabi/lib/thumb/v7-m/libc.a(lib_a-mbtowc_r.o)
 .ARM.attributes
                0x0000000000000908       0x2d /Applications/MBEDCLI.app/Contents/Resources/gcc/gcc-arm-none-eabi-6-2017-q2-update/bin/../lib/gcc/arm-none-eabi/6.3.1/../../../../arm-none-eabi/lib/thumb/v7-m/libc.a(lib_a-mprec.o)
 .ARM.attributes
                0x0000000000000935       0x2d /Applications/MBEDCLI.app/Contents/Resources/gcc/gcc-arm-none-eabi-6-2017-q2-update/bin/../lib/gcc/arm-none-eabi/6.3.1/../../../../arm-none-eabi/lib/thumb/v7-m/libc.a(lib_a-readr.o)
 .ARM.attributes
                0x0000000000000962       0x2d /Applications/MBEDCLI.app/Contents/Resources/gcc/gcc-arm-none-eabi-6-2017-q2-update/bin/../lib/gcc/arm-none-eabi/6.3.1/../../../../arm-none-eabi/lib/thumb/v7-m/libc.a(lib_a-svfprintf.o)
 .ARM.attributes
                0x000000000000098f       0x2d /Applications/MBEDCLI.app/Contents/Resources/gcc/gcc-arm-none-eabi-6-2017-q2-update/bin/../lib/gcc/arm-none-eabi/6.3.1/../../../../arm-none-eabi/lib/thumb/v7-m/libc.a(lib_a-wctomb_r.o)
 .ARM.attributes
                0x00000000000009bc       0x2d /Applications/MBEDCLI.app/Contents/Resources/gcc/gcc-arm-none-eabi-6-2017-q2-update/bin/../lib/gcc/arm-none-eabi/6.3.1/../../../../arm-none-eabi/lib/thumb/v7-m/libc.a(lib_a-ctype_.o)
 .ARM.attributes
                0x00000000000009e9       0x2d /Applications/MBEDCLI.app/Contents/Resources/gcc/gcc-arm-none-eabi-6-2017-q2-update/bin/../lib/gcc/arm-none-eabi/6.3.1/../../../../arm-none-eabi/lib/thumb/v7-m/libc.a(lib_a-memmove.o)
 .ARM.attributes
                0x0000000000000a16       0x2d /Applications/MBEDCLI.app/Contents/Resources/gcc/gcc-arm-none-eabi-6-2017-q2-update/bin/../lib/gcc/arm-none-eabi/6.3.1/../../../../arm-none-eabi/lib/thumb/v7-m/libc.a(lib_a-svfiprintf.o)
 .ARM.attributes
                0x0000000000000a43       0x1d /Applications/MBEDCLI.app/Contents/Resources/gcc/gcc-arm-none-eabi-6-2017-q2-update/bin/../lib/gcc/arm-none-eabi/6.3.1/thumb/v7-m/libgcc.a(_lshrdi3.o)
 .ARM.attributes
                0x0000000000000a60       0x1d /Applications/MBEDCLI.app/Contents/Resources/gcc/gcc-arm-none-eabi-6-2017-q2-update/bin/../lib/gcc/arm-none-eabi/6.3.1/thumb/v7-m/libgcc.a(_ashldi3.o)
 .ARM.attributes
                0x0000000000000a7d       0x1d /Applications/MBEDCLI.app/Contents/Resources/gcc/gcc-arm-none-eabi-6-2017-q2-update/bin/../lib/gcc/arm-none-eabi/6.3.1/thumb/v7-m/libgcc.a(_arm_addsubdf3.o)
 .ARM.attributes
                0x0000000000000a9a       0x1d /Applications/MBEDCLI.app/Contents/Resources/gcc/gcc-arm-none-eabi-6-2017-q2-update/bin/../lib/gcc/arm-none-eabi/6.3.1/thumb/v7-m/libgcc.a(_arm_muldivdf3.o)
 .ARM.attributes
                0x0000000000000ab7       0x1d /Applications/MBEDCLI.app/Contents/Resources/gcc/gcc-arm-none-eabi-6-2017-q2-update/bin/../lib/gcc/arm-none-eabi/6.3.1/thumb/v7-m/libgcc.a(_arm_cmpdf2.o)
 .ARM.attributes
                0x0000000000000ad4       0x1d /Applications/MBEDCLI.app/Contents/Resources/gcc/gcc-arm-none-eabi-6-2017-q2-update/bin/../lib/gcc/arm-none-eabi/6.3.1/thumb/v7-m/libgcc.a(_arm_unorddf2.o)
 .ARM.attributes
                0x0000000000000af1       0x1d /Applications/MBEDCLI.app/Contents/Resources/gcc/gcc-arm-none-eabi-6-2017-q2-update/bin/../lib/gcc/arm-none-eabi/6.3.1/thumb/v7-m/libgcc.a(_arm_fixdfsi.o)
 .ARM.attributes
                0x0000000000000b0e       0x1d /Applications/MBEDCLI.app/Contents/Resources/gcc/gcc-arm-none-eabi-6-2017-q2-update/bin/../lib/gcc/arm-none-eabi/6.3.1/thumb/v7-m/libgcc.a(_aeabi_uldivmod.o)
 .ARM.attributes
                0x0000000000000b2b       0x2d /Applications/MBEDCLI.app/Contents/Resources/gcc/gcc-arm-none-eabi-6-2017-q2-update/bin/../lib/gcc/arm-none-eabi/6.3.1/thumb/v7-m/libgcc.a(_udivmoddi4.o)
 .ARM.attributes
                0x0000000000000b58       0x1d /Applications/MBEDCLI.app/Contents/Resources/gcc/gcc-arm-none-eabi-6-2017-q2-update/bin/../lib/gcc/arm-none-eabi/6.3.1/thumb/v7-m/libgcc.a(_dvmd_tls.o)
 .ARM.attributes
                0x0000000000000b75       0x33 ./mbed/a7c7b631e539/TARGET_LPC1768/TOOLCHAIN_GCC_ARM/libmbed.a(mbed_alloc_wrappers.o)
 .ARM.attributes
                0x0000000000000ba8       0x2d /Applications/MBEDCLI.app/Contents/Resources/gcc/gcc-arm-none-eabi-6-2017-q2-update/bin/../lib/gcc/arm-none-eabi/6.3.1/../../../../arm-none-eabi/lib/thumb/v7-m/libc.a(lib_a-callocr.o)
 .ARM.attributes
                0x0000000000000bd5       0x2d /Applications/MBEDCLI.app/Contents/Resources/gcc/gcc-arm-none-eabi-6-2017-q2-update/bin/../lib/gcc/arm-none-eabi/6.3.1/../../../../arm-none-eabi/lib/thumb/v7-m/libc.a(lib_a-freer.o)
 .ARM.attributes
                0x0000000000000c02       0x2d /Applications/MBEDCLI.app/Contents/Resources/gcc/gcc-arm-none-eabi-6-2017-q2-update/bin/../lib/gcc/arm-none-eabi/6.3.1/../../../../arm-none-eabi/lib/thumb/v7-m/libc.a(lib_a-mallocr.o)
 .ARM.attributes